[ 25%] Built target ament_cmake_python_copy_bumperbot_motion
[ 50%] Built target pure_pursuit
[ 75%] [32mBuilding CXX object CMakeFiles/pd_motion_planner.dir/src/pd_motion_planner.cpp.o[0m
running egg_info
writing bumperbot_motion.egg-info/PKG-INFO
writing dependency_links to bumperbot_motion.egg-info/dependency_links.txt
writing top-level names to bumperbot_motion.egg-info/top_level.txt
reading manifest file 'bumperbot_motion.egg-info/SOURCES.txt'
writing manifest file 'bumperbot_motion.egg-info/SOURCES.txt'
[ 75%] Built target ament_cmake_python_build_bumperbot_motion_egg
[100%] [32m[1mLinking CXX shared library libpd_motion_planner.so[0m
[100%] Built target pd_motion_planner
-- Install configuration: ""
-- Installing: /home/eeiww/ud90uhak/bumperbot_ws/src/install/bumperbot_motion/share/bumperbot_motion/environment/pythonpath.sh
-- Installing: /home/eeiww/ud90uhak/bumperbot_ws/src/install/bumperbot_motion/share/bumperbot_motion/environment/pythonpath.dsv
-- Installing: /home/eeiww/ud90uhak/bumperbot_ws/src/install/bumperbot_motion/lib/python3.12/site-packages/bumperbot_motion-0.0.0-py3.12.egg-info
-- Installing: /home/eeiww/ud90uhak/bumperbot_ws/src/install/bumperbot_motion/lib/python3.12/site-packages/bumperbot_motion-0.0.0-py3.12.egg-info/top_level.txt
-- Installing: /home/eeiww/ud90uhak/bumperbot_ws/src/install/bumperbot_motion/lib/python3.12/site-packages/bumperbot_motion-0.0.0-py3.12.egg-info/PKG-INFO
-- Installing: /home/eeiww/ud90uhak/bumperbot_ws/src/install/bumperbot_motion/lib/python3.12/site-packages/bumperbot_motion-0.0.0-py3.12.egg-info/SOURCES.txt
-- Installing: /home/eeiww/ud90uhak/bumperbot_ws/src/install/bumperbot_motion/lib/python3.12/site-packages/bumperbot_motion-0.0.0-py3.12.egg-info/dependency_links.txt
-- Installing: /home/eeiww/ud90uhak/bumperbot_ws/src/install/bumperbot_motion/lib/python3.12/site-packages/bumperbot_motion
-- Installing: /home/eeiww/ud90uhak/bumperbot_ws/src/install/bumperbot_motion/lib/python3.12/site-packages/bumperbot_motion/pure_pursuit.py
-- Installing: /home/eeiww/ud90uhak/bumperbot_ws/src/install/bumperbot_motion/lib/python3.12/site-packages/bumperbot_motion/__init__.py
-- Installing: /home/eeiww/ud90uhak/bumperbot_ws/src/install/bumperbot_motion/lib/python3.12/site-packages/bumperbot_motion/pd_motion_planner.py
Listing '/home/eeiww/ud90uhak/bumperbot_ws/src/install/bumperbot_motion/lib/python3.12/site-packages/bumperbot_motion'...
Compiling '/home/eeiww/ud90uhak/bumperbot_ws/src/install/bumperbot_motion/lib/python3.12/site-packages/bumperbot_motion/__init__.py'...
Compiling '/home/eeiww/ud90uhak/bumperbot_ws/src/install/bumperbot_motion/lib/python3.12/site-packages/bumperbot_motion/pd_motion_planner.py'...
Compiling '/home/eeiww/ud90uhak/bumperbot_ws/src/install/bumperbot_motion/lib/python3.12/site-packages/bumperbot_motion/pure_pursuit.py'...
-- Installing: /home/eeiww/ud90uhak/bumperbot_ws/src/install/bumperbot_motion/share/bumperbot_motion/motion_planner_plugins.xml
-- Installing: /home/eeiww/ud90uhak/bumperbot_ws/src/install/bumperbot_motion/lib/libpd_motion_planner.so
-- Set non-toolchain portion of runtime path of "/home/eeiww/ud90uhak/bumperbot_ws/src/install/bumperbot_motion/lib/libpd_motion_planner.so" to ""
-- Installing: /home/eeiww/ud90uhak/bumperbot_ws/src/install/bumperbot_motion/lib/libpure_pursuit.so
-- Set non-toolchain portion of runtime path of "/home/eeiww/ud90uhak/bumperbot_ws/src/install/bumperbot_motion/lib/libpure_pursuit.so" to ""
-- Installing: /home/eeiww/ud90uhak/bumperbot_ws/src/install/bumperbot_motion/include/include
-- Installing: /home/eeiww/ud90uhak/bumperbot_ws/src/install/bumperbot_motion/include/include/bumperbot_motion
-- Installing: /home/eeiww/ud90uhak/bumperbot_ws/src/install/bumperbot_motion/include/include/bumperbot_motion/pd_motion_planner.hpp
-- Installing: /home/eeiww/ud90uhak/bumperbot_ws/src/install/bumperbot_motion/include/include/bumperbot_motion/pure_pursuit.hpp
-- Installing: /home/eeiww/ud90uhak/bumperbot_ws/src/install/bumperbot_motion/lib/bumperbot_motion/pd_motion_planner.py
-- Installing: /home/eeiww/ud90uhak/bumperbot_ws/src/install/bumperbot_motion/lib/bumperbot_motion/pure_pursuit.py
-- Installing: /home/eeiww/ud90uhak/bumperbot_ws/src/install/bumperbot_motion/share/bumperbot_motion/environment/library_path.sh
-- Installing: /home/eeiww/ud90uhak/bumperbot_ws/src/install/bumperbot_motion/share/bumperbot_motion/environment/library_path.dsv
-- Installing: /home/eeiww/ud90uhak/bumperbot_ws/src/install/bumperbot_motion/share/ament_index/resource_index/package_run_dependencies/bumperbot_motion
-- Up-to-date: /home/eeiww/ud90uhak/bumperbot_ws/src/install/bumperbot_motion/share/ament_index/resource_index/parent_prefix_path/bumperbot_motion
-- Up-to-date: /home/eeiww/ud90uhak/bumperbot_ws/src/install/bumperbot_motion/share/bumperbot_motion/environment/ament_prefix_path.sh
-- Up-to-date: /home/eeiww/ud90uhak/bumperbot_ws/src/install/bumperbot_motion/share/bumperbot_motion/environment/ament_prefix_path.dsv
-- Up-to-date: /home/eeiww/ud90uhak/bumperbot_ws/src/install/bumperbot_motion/share/bumperbot_motion/environment/path.sh
-- Up-to-date: /home/eeiww/ud90uhak/bumperbot_ws/src/install/bumperbot_motion/share/bumperbot_motion/environment/path.dsv
-- Up-to-date: /home/eeiww/ud90uhak/bumperbot_ws/src/install/bumperbot_motion/share/bumperbot_motion/local_setup.bash
-- Installing: /home/eeiww/ud90uhak/bumperbot_ws/src/install/bumperbot_motion/share/bumperbot_motion/local_setup.sh
-- Up-to-date: /home/eeiww/ud90uhak/bumperbot_ws/src/install/bumperbot_motion/share/bumperbot_motion/local_setup.zsh
-- Installing: /home/eeiww/ud90uhak/bumperbot_ws/src/install/bumperbot_motion/share/bumperbot_motion/local_setup.dsv
-- Installing: /home/eeiww/ud90uhak/bumperbot_ws/src/install/bumperbot_motion/share/bumperbot_motion/package.dsv
-- Up-to-date: /home/eeiww/ud90uhak/bumperbot_ws/src/install/bumperbot_motion/share/ament_index/resource_index/packages/bumperbot_motion
-- Installing: /home/eeiww/ud90uhak/bumperbot_ws/src/install/bumperbot_motion/share/ament_index/resource_index/nav2_core__pluginlib__plugin/bumperbot_motion
-- Installing: /home/eeiww/ud90uhak/bumperbot_ws/src/install/bumperbot_motion/share/bumperbot_motion/cmake/ament_cmake_export_include_directories-extras.cmake
-- Installing: /home/eeiww/ud90uhak/bumperbot_ws/src/install/bumperbot_motion/share/bumperbot_motion/cmake/ament_cmake_export_libraries-extras.cmake
-- Installing: /home/eeiww/ud90uhak/bumperbot_ws/src/install/bumperbot_motion/share/bumperbot_motion/cmake/ament_cmake_export_dependencies-extras.cmake
-- Installing: /home/eeiww/ud90uhak/bumperbot_ws/src/install/bumperbot_motion/share/bumperbot_motion/cmake/bumperbot_motionConfig.cmake
-- Up-to-date: /home/eeiww/ud90uhak/bumperbot_ws/src/install/bumperbot_motion/share/bumperbot_motion/cmake/bumperbot_motionConfig-version.cmake
-- Installing: /home/eeiww/ud90uhak/bumperbot_ws/src/install/bumperbot_motion/share/bumperbot_motion/package.xml
