[0.083s] Invoking command in '/home/eeiww/ud90uhak/bumperbot_ws/src/build/bumperbot_motion': CMAKE_PREFIX_PATH=${CMAKE_PREFIX_PATH}:/opt/ros/jazzy DEBUGINFOD_URLS=https://debuginfod.ubuntu.com /usr/bin/cmake --build /home/eeiww/ud90uhak/bumperbot_ws/src/build/bumperbot_motion -- -j8 -l8
[0.775s] [ 25%] Built target ament_cmake_python_copy_bumperbot_motion
[0.775s] [ 50%] Built target pure_pursuit
[0.775s] [ 75%] [32mBuilding CXX object CMakeFiles/pd_motion_planner.dir/src/pd_motion_planner.cpp.o[0m
[0.775s] running egg_info
[0.775s] writing bumperbot_motion.egg-info/PKG-INFO
[0.775s] writing dependency_links to bumperbot_motion.egg-info/dependency_links.txt
[0.775s] writing top-level names to bumperbot_motion.egg-info/top_level.txt
[0.836s] reading manifest file 'bumperbot_motion.egg-info/SOURCES.txt'
[0.836s] writing manifest file 'bumperbot_motion.egg-info/SOURCES.txt'
[0.871s] [ 75%] Built target ament_cmake_python_build_bumperbot_motion_egg
[5.711s] [100%] [32m[1mLinking CXX shared library libpd_motion_planner.so[0m
[6.079s] [100%] Built target pd_motion_planner
[6.093s] Invoked command in '/home/eeiww/ud90uhak/bumperbot_ws/src/build/bumperbot_motion' returned '0': CMAKE_PREFIX_PATH=${CMAKE_PREFIX_PATH}:/opt/ros/jazzy DEBUGINFOD_URLS=https://debuginfod.ubuntu.com /usr/bin/cmake --build /home/eeiww/ud90uhak/bumperbot_ws/src/build/bumperbot_motion -- -j8 -l8
[6.098s] Invoking command in '/home/eeiww/ud90uhak/bumperbot_ws/src/build/bumperbot_motion': CMAKE_PREFIX_PATH=${CMAKE_PREFIX_PATH}:/opt/ros/jazzy DEBUGINFOD_URLS=https://debuginfod.ubuntu.com /usr/bin/cmake --install /home/eeiww/ud90uhak/bumperbot_ws/src/build/bumperbot_motion
[6.107s] -- Install configuration: ""
[6.109s] -- Installing: /home/eeiww/ud90uhak/bumperbot_ws/src/install/bumperbot_motion/share/bumperbot_motion/environment/pythonpath.sh
[6.116s] -- Installing: /home/eeiww/ud90uhak/bumperbot_ws/src/install/bumperbot_motion/share/bumperbot_motion/environment/pythonpath.dsv
[6.121s] -- Installing: /home/eeiww/ud90uhak/bumperbot_ws/src/install/bumperbot_motion/lib/python3.12/site-packages/bumperbot_motion-0.0.0-py3.12.egg-info
[6.128s] -- Installing: /home/eeiww/ud90uhak/bumperbot_ws/src/install/bumperbot_motion/lib/python3.12/site-packages/bumperbot_motion-0.0.0-py3.12.egg-info/top_level.txt
[6.133s] -- Installing: /home/eeiww/ud90uhak/bumperbot_ws/src/install/bumperbot_motion/lib/python3.12/site-packages/bumperbot_motion-0.0.0-py3.12.egg-info/PKG-INFO
[6.139s] -- Installing: /home/eeiww/ud90uhak/bumperbot_ws/src/install/bumperbot_motion/lib/python3.12/site-packages/bumperbot_motion-0.0.0-py3.12.egg-info/SOURCES.txt
[6.144s] -- Installing: /home/eeiww/ud90uhak/bumperbot_ws/src/install/bumperbot_motion/lib/python3.12/site-packages/bumperbot_motion-0.0.0-py3.12.egg-info/dependency_links.txt
[6.150s] -- Installing: /home/eeiww/ud90uhak/bumperbot_ws/src/install/bumperbot_motion/lib/python3.12/site-packages/bumperbot_motion
[6.155s] -- Installing: /home/eeiww/ud90uhak/bumperbot_ws/src/install/bumperbot_motion/lib/python3.12/site-packages/bumperbot_motion/pure_pursuit.py
[6.160s] -- Installing: /home/eeiww/ud90uhak/bumperbot_ws/src/install/bumperbot_motion/lib/python3.12/site-packages/bumperbot_motion/__init__.py
[6.164s] -- Installing: /home/eeiww/ud90uhak/bumperbot_ws/src/install/bumperbot_motion/lib/python3.12/site-packages/bumperbot_motion/pd_motion_planner.py
[6.224s] Listing '/home/eeiww/ud90uhak/bumperbot_ws/src/install/bumperbot_motion/lib/python3.12/site-packages/bumperbot_motion'...
[6.224s] Compiling '/home/eeiww/ud90uhak/bumperbot_ws/src/install/bumperbot_motion/lib/python3.12/site-packages/bumperbot_motion/__init__.py'...
[6.224s] Compiling '/home/eeiww/ud90uhak/bumperbot_ws/src/install/bumperbot_motion/lib/python3.12/site-packages/bumperbot_motion/pd_motion_planner.py'...
[6.224s] Compiling '/home/eeiww/ud90uhak/bumperbot_ws/src/install/bumperbot_motion/lib/python3.12/site-packages/bumperbot_motion/pure_pursuit.py'...
[6.230s] -- Installing: /home/eeiww/ud90uhak/bumperbot_ws/src/install/bumperbot_motion/share/bumperbot_motion/motion_planner_plugins.xml
[6.252s] -- Installing: /home/eeiww/ud90uhak/bumperbot_ws/src/install/bumperbot_motion/lib/libpd_motion_planner.so
[6.298s] -- Set non-toolchain portion of runtime path of "/home/eeiww/ud90uhak/bumperbot_ws/src/install/bumperbot_motion/lib/libpd_motion_planner.so" to ""
[6.300s] -- Installing: /home/eeiww/ud90uhak/bumperbot_ws/src/install/bumperbot_motion/lib/libpure_pursuit.so
[6.344s] -- Set non-toolchain portion of runtime path of "/home/eeiww/ud90uhak/bumperbot_ws/src/install/bumperbot_motion/lib/libpure_pursuit.so" to ""
[6.345s] -- Installing: /home/eeiww/ud90uhak/bumperbot_ws/src/install/bumperbot_motion/include/include
[6.349s] -- Installing: /home/eeiww/ud90uhak/bumperbot_ws/src/install/bumperbot_motion/include/include/bumperbot_motion
[6.354s] -- Installing: /home/eeiww/ud90uhak/bumperbot_ws/src/install/bumperbot_motion/include/include/bumperbot_motion/pd_motion_planner.hpp
[6.358s] -- Installing: /home/eeiww/ud90uhak/bumperbot_ws/src/install/bumperbot_motion/include/include/bumperbot_motion/pure_pursuit.hpp
[6.367s] -- Installing: /home/eeiww/ud90uhak/bumperbot_ws/src/install/bumperbot_motion/lib/bumperbot_motion/pd_motion_planner.py
[6.372s] -- Installing: /home/eeiww/ud90uhak/bumperbot_ws/src/install/bumperbot_motion/lib/bumperbot_motion/pure_pursuit.py
[6.378s] -- Installing: /home/eeiww/ud90uhak/bumperbot_ws/src/install/bumperbot_motion/share/bumperbot_motion/environment/library_path.sh
[6.383s] -- Installing: /home/eeiww/ud90uhak/bumperbot_ws/src/install/bumperbot_motion/share/bumperbot_motion/environment/library_path.dsv
[6.390s] -- Installing: /home/eeiww/ud90uhak/bumperbot_ws/src/install/bumperbot_motion/share/ament_index/resource_index/package_run_dependencies/bumperbot_motion
[6.397s] -- Up-to-date: /home/eeiww/ud90uhak/bumperbot_ws/src/install/bumperbot_motion/share/ament_index/resource_index/parent_prefix_path/bumperbot_motion
[6.398s] -- Up-to-date: /home/eeiww/ud90uhak/bumperbot_ws/src/install/bumperbot_motion/share/bumperbot_motion/environment/ament_prefix_path.sh
[6.399s] -- Up-to-date: /home/eeiww/ud90uhak/bumperbot_ws/src/install/bumperbot_motion/share/bumperbot_motion/environment/ament_prefix_path.dsv
[6.400s] -- Up-to-date: /home/eeiww/ud90uhak/bumperbot_ws/src/install/bumperbot_motion/share/bumperbot_motion/environment/path.sh
[6.400s] -- Up-to-date: /home/eeiww/ud90uhak/bumperbot_ws/src/install/bumperbot_motion/share/bumperbot_motion/environment/path.dsv
[6.402s] -- Up-to-date: /home/eeiww/ud90uhak/bumperbot_ws/src/install/bumperbot_motion/share/bumperbot_motion/local_setup.bash
[6.403s] -- Installing: /home/eeiww/ud90uhak/bumperbot_ws/src/install/bumperbot_motion/share/bumperbot_motion/local_setup.sh
[6.410s] -- Up-to-date: /home/eeiww/ud90uhak/bumperbot_ws/src/install/bumperbot_motion/share/bumperbot_motion/local_setup.zsh
[6.412s] -- Installing: /home/eeiww/ud90uhak/bumperbot_ws/src/install/bumperbot_motion/share/bumperbot_motion/local_setup.dsv
[6.418s] -- Installing: /home/eeiww/ud90uhak/bumperbot_ws/src/install/bumperbot_motion/share/bumperbot_motion/package.dsv
[6.425s] -- Up-to-date: /home/eeiww/ud90uhak/bumperbot_ws/src/install/bumperbot_motion/share/ament_index/resource_index/packages/bumperbot_motion
[6.431s] -- Installing: /home/eeiww/ud90uhak/bumperbot_ws/src/install/bumperbot_motion/share/ament_index/resource_index/nav2_core__pluginlib__plugin/bumperbot_motion
[6.437s] -- Installing: /home/eeiww/ud90uhak/bumperbot_ws/src/install/bumperbot_motion/share/bumperbot_motion/cmake/ament_cmake_export_include_directories-extras.cmake
[6.444s] -- Installing: /home/eeiww/ud90uhak/bumperbot_ws/src/install/bumperbot_motion/share/bumperbot_motion/cmake/ament_cmake_export_libraries-extras.cmake
[6.450s] -- Installing: /home/eeiww/ud90uhak/bumperbot_ws/src/install/bumperbot_motion/share/bumperbot_motion/cmake/ament_cmake_export_dependencies-extras.cmake
[6.457s] -- Installing: /home/eeiww/ud90uhak/bumperbot_ws/src/install/bumperbot_motion/share/bumperbot_motion/cmake/bumperbot_motionConfig.cmake
[6.463s] -- Up-to-date: /home/eeiww/ud90uhak/bumperbot_ws/src/install/bumperbot_motion/share/bumperbot_motion/cmake/bumperbot_motionConfig-version.cmake
[6.465s] -- Installing: /home/eeiww/ud90uhak/bumperbot_ws/src/install/bumperbot_motion/share/bumperbot_motion/package.xml
[6.473s] Invoked command in '/home/eeiww/ud90uhak/bumperbot_ws/src/build/bumperbot_motion' returned '0': CMAKE_PREFIX_PATH=${CMAKE_PREFIX_PATH}:/opt/ros/jazzy DEBUGINFOD_URLS=https://debuginfod.ubuntu.com /usr/bin/cmake --install /home/eeiww/ud90uhak/bumperbot_ws/src/build/bumperbot_motion
