[0.152s] Invoking command in '/home/eeiww/ud90uhak/bumperbot_ws/src/build/bumperbot_localization': CMAKE_PREFIX_PATH=${CMAKE_PREFIX_PATH}:/opt/ros/jazzy DEBUGINFOD_URLS=https://debuginfod.ubuntu.com /usr/bin/cmake --build /home/eeiww/ud90uhak/bumperbot_ws/src/build/bumperbot_localization -- -j8 -l8
[0.271s] -- Found ament_cmake: 2.5.3 (/opt/ros/jazzy/share/ament_cmake/cmake)
[0.507s] -- Found rclcpp: 28.1.6 (/opt/ros/jazzy/share/rclcpp/cmake)
[0.555s] -- Found rosidl_generator_c: 4.6.5 (/opt/ros/jazzy/share/rosidl_generator_c/cmake)
[0.571s] -- Found rosidl_generator_cpp: 4.6.5 (/opt/ros/jazzy/share/rosidl_generator_cpp/cmake)
[0.589s] -- Using all available rosidl_typesupport_c: rosidl_typesupport_fastrtps_c;rosidl_typesupport_introspection_c
[0.607s] -- Using all available rosidl_typesupport_cpp: rosidl_typesupport_fastrtps_cpp;rosidl_typesupport_introspection_cpp
[0.682s] -- Found rmw_implementation_cmake: 7.3.1 (/opt/ros/jazzy/share/rmw_implementation_cmake/cmake)
[0.682s] -- Found rmw_fastrtps_cpp: 8.4.1 (/opt/ros/jazzy/share/rmw_fastrtps_cpp/cmake)
[0.758s] -- Using RMW implementation 'rmw_fastrtps_cpp' as default
[0.833s] -- Found rclpy: 7.1.3 (/opt/ros/jazzy/share/rclpy/cmake)
[0.834s] -- Found nav_msgs: 5.3.5 (/opt/ros/jazzy/share/nav_msgs/cmake)
[0.897s] -- Found sensor_msgs: 5.3.5 (/opt/ros/jazzy/share/sensor_msgs/cmake)
[0.928s] -- Found tf2: 0.36.8 (/opt/ros/jazzy/share/tf2/cmake)
[1.195s] -- Configuring done (1.0s)
[1.451s] -- Generating done (0.2s)
[1.545s] -- Build files have been written to: /home/eeiww/ud90uhak/bumperbot_ws/src/build/bumperbot_localization
[1.601s] [ 16%] [32mBuilding CXX object CMakeFiles/odometry_motion_model.dir/src/odometry_motion_model.cpp.o[0m
[1.622s] [ 50%] Built target ament_cmake_python_copy_bumperbot_localization
[1.624s] [ 83%] Built target imu_republisher
[1.625s] [ 83%] Built target kalman_filter
[1.931s] running egg_info
[1.966s] writing bumperbot_localization.egg-info/PKG-INFO
[1.969s] writing dependency_links to bumperbot_localization.egg-info/dependency_links.txt
[1.972s] writing top-level names to bumperbot_localization.egg-info/top_level.txt
[2.079s] reading manifest file 'bumperbot_localization.egg-info/SOURCES.txt'
[2.082s] writing manifest file 'bumperbot_localization.egg-info/SOURCES.txt'
[2.108s] [ 83%] Built target ament_cmake_python_build_bumperbot_localization_egg
[8.328s] [100%] [32m[1mLinking CXX executable odometry_motion_model[0m
[8.703s] [100%] Built target odometry_motion_model
