[0.094s] Invoking command in '/home/eeiww/ud90uhak/bumperbot_ws/src/build/bumperbot_mapping': CMAKE_PREFIX_PATH=${CMAKE_PREFIX_PATH}:/opt/ros/jazzy DEBUGINFOD_URLS=https://debuginfod.ubuntu.com /usr/bin/cmake /home/eeiww/ud90uhak/bumperbot_ws/src/bumperbot_mapping -DCMAKE_INSTALL_PREFIX=/home/eeiww/ud90uhak/bumperbot_ws/src/install/bumperbot_mapping
[0.187s] -- The C compiler identification is GNU 13.3.0
[0.272s] -- The CXX compiler identification is GNU 13.3.0
[0.293s] -- Detecting C compiler ABI info
[0.486s] -- Detecting C compiler ABI info - done
[0.496s] -- Check for working C compiler: /usr/bin/cc - skipped
[0.497s] -- Detecting C compile features
[0.497s] -- Detecting C compile features - done
[0.514s] -- Detecting CXX compiler ABI info
[0.717s] -- Detecting CXX compiler ABI info - done
[0.728s] -- Check for working CXX compiler: /usr/bin/c++ - skipped
[0.728s] -- Detecting CXX compile features
[0.728s] -- Detecting CXX compile features - done
[0.746s] -- Found ament_cmake: 2.5.3 (/opt/ros/jazzy/share/ament_cmake/cmake)
[0.904s] -- Found Python3: /usr/bin/python3 (found version "3.12.3") found components: Interpreter 
[1.096s] -- Found rclcpp: 28.1.6 (/opt/ros/jazzy/share/rclcpp/cmake)
[1.175s] -- Found rosidl_generator_c: 4.6.5 (/opt/ros/jazzy/share/rosidl_generator_c/cmake)
[1.202s] -- Found rosidl_generator_cpp: 4.6.5 (/opt/ros/jazzy/share/rosidl_generator_cpp/cmake)
[1.233s] -- Using all available rosidl_typesupport_c: rosidl_typesupport_fastrtps_c;rosidl_typesupport_introspection_c
[1.266s] -- Using all available rosidl_typesupport_cpp: rosidl_typesupport_fastrtps_cpp;rosidl_typesupport_introspection_cpp
[1.398s] -- Found rmw_implementation_cmake: 7.3.1 (/opt/ros/jazzy/share/rmw_implementation_cmake/cmake)
[1.406s] -- Found rmw_fastrtps_cpp: 8.4.1 (/opt/ros/jazzy/share/rmw_fastrtps_cpp/cmake)
[1.509s] -- Found OpenSSL: /usr/lib/x86_64-linux-gnu/libcrypto.so (found version "3.0.13")  
[1.533s] -- Found FastRTPS: /opt/ros/jazzy/include (Required is at least version "2.13") 
[1.556s] -- Using RMW implementation 'rmw_fastrtps_cpp' as default
[1.671s] -- Found rclpy: 7.1.3 (/opt/ros/jazzy/share/rclpy/cmake)
[1.678s] -- Found sensor_msgs: 5.3.5 (/opt/ros/jazzy/share/sensor_msgs/cmake)
[1.756s] -- Found nav_msgs: 5.3.5 (/opt/ros/jazzy/share/nav_msgs/cmake)
[1.791s] -- Found tf2_ros: 0.36.8 (/opt/ros/jazzy/share/tf2_ros/cmake)
[2.110s] -- Found ament_lint_auto: 0.17.1 (/opt/ros/jazzy/share/ament_lint_auto/cmake)
[2.305s] -- Added test 'cppcheck' to perform static code analysis on C / C++ code
[2.306s] -- Configured cppcheck include dirs: /home/eeiww/ud90uhak/bumperbot_ws/src/bumperbot_mapping/include
[2.306s] -- Configured cppcheck exclude dirs and/or files: 
[2.308s] -- Added test 'flake8' to check Python code syntax and style conventions
[2.308s] -- Configured 'flake8' exclude dirs and/or files: 
[2.319s] -- Added test 'lint_cmake' to check CMake code style
[2.326s] -- Added test 'pep257' to check Python code against some of the docstring style conventions in PEP 257
[2.357s] -- Added test 'uncrustify' to check C / C++ code style
[2.357s] -- Configured uncrustify additional arguments: 
[2.363s] -- Added test 'xmllint' to check XML markup files
[2.396s] -- Configuring done (2.3s)
[2.403s] [31mCMake Error at CMakeLists.txt:21 (add_executable):
[2.404s]   Cannot find source file:
[2.404s] 
[2.405s]     src/mapping_with_known_poses.cpp
[2.405s] 
[2.406s]   Tried extensions .c .C .c++ .cc .cpp .cxx .cu .mpp .m .M .mm .ixx .cppm
[2.406s]   .ccm .cxxm .c++m .h .hh .h++ .hm .hpp .hxx .in .txx .f .F .for .f77 .f90
[2.407s]   .f95 .f03 .hip .ispc
[2.407s] 
[2.407s] [0m
[2.409s] [31mCMake Error at CMakeLists.txt:21 (add_executable):
[2.409s]   No SOURCES given to target: mapping_with_known_poses
[2.409s] 
[2.410s] [0m
[2.411s] [0mCMake Generate step failed.  Build files cannot be regenerated correctly.[0m
