[0.058s] Invoking command in '/home/eeiww/ud90uhak/bumperbot_ws/src/build/bumperbot_msgs': CMAKE_PREFIX_PATH=${CMAKE_PREFIX_PATH}:/opt/ros/jazzy DEBUGINFOD_URLS=https://debuginfod.ubuntu.com /usr/bin/cmake --build /home/eeiww/ud90uhak/bumperbot_ws/src/build/bumperbot_msgs -- -j8 -l8
[0.161s] [  1%] Built target bumperbot_msgs__rosidl_generator_type_description
[0.199s] [  3%] Built target bumperbot_msgs__cpp
[0.233s] [ 24%] Built target bumperbot_msgs__rosidl_generator_c
[0.287s] [ 37%] Built target bumperbot_msgs__rosidl_typesupport_c
[0.290s] [ 51%] Built target ament_cmake_python_copy_bumperbot_msgs
[0.300s] [ 68%] Built target bumperbot_msgs__rosidl_typesupport_fastrtps_c
[0.305s] [ 72%] Built target bumperbot_msgs__rosidl_typesupport_introspection_cpp
[0.305s] [ 72%] Built target bumperbot_msgs__rosidl_typesupport_cpp
[0.309s] [ 75%] Built target bumperbot_msgs__rosidl_typesupport_introspection_c
[0.312s] [ 79%] Built target bumperbot_msgs__rosidl_typesupport_fastrtps_cpp
[0.337s] [ 79%] Built target bumperbot_msgs
[0.367s] [ 81%] Built target bumperbot_msgs__py
[0.410s] [ 88%] Built target bumperbot_msgs__rosidl_generator_py
[0.449s] [ 96%] Built target bumperbot_msgs_s__rosidl_typesupport_introspection_c
[0.451s] [ 96%] Built target bumperbot_msgs_s__rosidl_typesupport_c
[0.454s] [100%] Built target bumperbot_msgs_s__rosidl_typesupport_fastrtps_c
[0.596s] running egg_info
[0.633s] writing bumperbot_msgs.egg-info/PKG-INFO
[0.637s] writing dependency_links to bumperbot_msgs.egg-info/dependency_links.txt
[0.639s] writing top-level names to bumperbot_msgs.egg-info/top_level.txt
[0.752s] reading manifest file 'bumperbot_msgs.egg-info/SOURCES.txt'
[0.754s] writing manifest file 'bumperbot_msgs.egg-info/SOURCES.txt'
[0.780s] [100%] Built target ament_cmake_python_build_bumperbot_msgs_egg
