[0.116s] Invoking command in '/home/eeiww/ud90uhak/bumperbot_ws/src/build/bumperbot_motion': CMAKE_PREFIX_PATH=${CMAKE_PREFIX_PATH}:/opt/ros/jazzy DEBUGINFOD_URLS=https://debuginfod.ubuntu.com /usr/bin/cmake /home/eeiww/ud90uhak/bumperbot_ws/src/bumperbot_motion -DCMAKE_INSTALL_PREFIX=/home/eeiww/ud90uhak/bumperbot_ws/src/install/bumperbot_motion
[0.240s] -- The C compiler identification is GNU 13.3.0
[0.330s] -- The CXX compiler identification is GNU 13.3.0
[0.357s] -- Detecting C compiler ABI info
[0.563s] -- Detecting C compiler ABI info - done
[0.577s] -- Check for working C compiler: /usr/bin/cc - skipped
[0.577s] -- Detecting C compile features
[0.577s] -- Detecting C compile features - done
[0.596s] -- Detecting CXX compiler ABI info
[0.796s] -- Detecting CXX compiler ABI info - done
[0.806s] -- Check for working CXX compiler: /usr/bin/c++ - skipped
[0.806s] -- Detecting CXX compile features
[0.807s] -- Detecting CXX compile features - done
[0.830s] -- Found ament_cmake: 2.5.3 (/opt/ros/jazzy/share/ament_cmake/cmake)
[0.984s] -- Found Python3: /usr/bin/python3 (found version "3.12.3") found components: Interpreter 
[1.166s] -- Found ament_lint_auto: 0.17.1 (/opt/ros/jazzy/share/ament_lint_auto/cmake)
[1.356s] -- Added test 'lint_cmake' to check CMake code style
[1.375s] -- Added test 'xmllint' to check XML markup files
[1.405s] -- Configuring done (1.3s)
[1.519s] -- Generating done (0.1s)
[1.568s] -- Build files have been written to: /home/eeiww/ud90uhak/bumperbot_ws/src/build/bumperbot_motion
[1.692s] Invoked command in '/home/eeiww/ud90uhak/bumperbot_ws/src/build/bumperbot_motion' returned '0': CMAKE_PREFIX_PATH=${CMAKE_PREFIX_PATH}:/opt/ros/jazzy DEBUGINFOD_URLS=https://debuginfod.ubuntu.com /usr/bin/cmake /home/eeiww/ud90uhak/bumperbot_ws/src/bumperbot_motion -DCMAKE_INSTALL_PREFIX=/home/eeiww/ud90uhak/bumperbot_ws/src/install/bumperbot_motion
[1.692s] Invoking command in '/home/eeiww/ud90uhak/bumperbot_ws/src/build/bumperbot_motion': CMAKE_PREFIX_PATH=${CMAKE_PREFIX_PATH}:/opt/ros/jazzy DEBUGINFOD_URLS=https://debuginfod.ubuntu.com /usr/bin/cmake --build /home/eeiww/ud90uhak/bumperbot_ws/src/build/bumperbot_motion -- -j8 -l8
[1.800s] Invoked command in '/home/eeiww/ud90uhak/bumperbot_ws/src/build/bumperbot_motion' returned '0': CMAKE_PREFIX_PATH=${CMAKE_PREFIX_PATH}:/opt/ros/jazzy DEBUGINFOD_URLS=https://debuginfod.ubuntu.com /usr/bin/cmake --build /home/eeiww/ud90uhak/bumperbot_ws/src/build/bumperbot_motion -- -j8 -l8
[1.802s] Invoking command in '/home/eeiww/ud90uhak/bumperbot_ws/src/build/bumperbot_motion': CMAKE_PREFIX_PATH=${CMAKE_PREFIX_PATH}:/opt/ros/jazzy DEBUGINFOD_URLS=https://debuginfod.ubuntu.com /usr/bin/cmake --install /home/eeiww/ud90uhak/bumperbot_ws/src/build/bumperbot_motion
[1.811s] -- Install configuration: ""
[1.818s] -- Installing: /home/eeiww/ud90uhak/bumperbot_ws/src/install/bumperbot_motion/share/ament_index/resource_index/package_run_dependencies/bumperbot_motion
[1.828s] -- Installing: /home/eeiww/ud90uhak/bumperbot_ws/src/install/bumperbot_motion/share/ament_index/resource_index/parent_prefix_path/bumperbot_motion
[1.838s] -- Installing: /home/eeiww/ud90uhak/bumperbot_ws/src/install/bumperbot_motion/share/bumperbot_motion/environment/ament_prefix_path.sh
[1.843s] -- Installing: /home/eeiww/ud90uhak/bumperbot_ws/src/install/bumperbot_motion/share/bumperbot_motion/environment/ament_prefix_path.dsv
[1.849s] -- Installing: /home/eeiww/ud90uhak/bumperbot_ws/src/install/bumperbot_motion/share/bumperbot_motion/environment/path.sh
[1.854s] -- Installing: /home/eeiww/ud90uhak/bumperbot_ws/src/install/bumperbot_motion/share/bumperbot_motion/environment/path.dsv
[1.860s] -- Installing: /home/eeiww/ud90uhak/bumperbot_ws/src/install/bumperbot_motion/share/bumperbot_motion/local_setup.bash
[1.867s] -- Installing: /home/eeiww/ud90uhak/bumperbot_ws/src/install/bumperbot_motion/share/bumperbot_motion/local_setup.sh
[1.875s] -- Installing: /home/eeiww/ud90uhak/bumperbot_ws/src/install/bumperbot_motion/share/bumperbot_motion/local_setup.zsh
[1.882s] -- Installing: /home/eeiww/ud90uhak/bumperbot_ws/src/install/bumperbot_motion/share/bumperbot_motion/local_setup.dsv
[1.887s] -- Installing: /home/eeiww/ud90uhak/bumperbot_ws/src/install/bumperbot_motion/share/bumperbot_motion/package.dsv
[1.898s] -- Installing: /home/eeiww/ud90uhak/bumperbot_ws/src/install/bumperbot_motion/share/ament_index/resource_index/packages/bumperbot_motion
[1.907s] -- Installing: /home/eeiww/ud90uhak/bumperbot_ws/src/install/bumperbot_motion/share/bumperbot_motion/cmake/bumperbot_motionConfig.cmake
[1.913s] -- Installing: /home/eeiww/ud90uhak/bumperbot_ws/src/install/bumperbot_motion/share/bumperbot_motion/cmake/bumperbot_motionConfig-version.cmake
[1.920s] -- Installing: /home/eeiww/ud90uhak/bumperbot_ws/src/install/bumperbot_motion/share/bumperbot_motion/package.xml
[1.949s] Invoked command in '/home/eeiww/ud90uhak/bumperbot_ws/src/build/bumperbot_motion' returned '0': CMAKE_PREFIX_PATH=${CMAKE_PREFIX_PATH}:/opt/ros/jazzy DEBUGINFOD_URLS=https://debuginfod.ubuntu.com /usr/bin/cmake --install /home/eeiww/ud90uhak/bumperbot_ws/src/build/bumperbot_motion
