[0.082s] Invoking command in '/home/eeiww/ud90uhak/bumperbot_ws/src/build/bumperbot_mapping': CMAKE_PREFIX_PATH=${CMAKE_PREFIX_PATH}:/opt/ros/jazzy DEBUGINFOD_URLS=https://debuginfod.ubuntu.com /usr/bin/cmake /home/eeiww/ud90uhak/bumperbot_ws/src/bumperbot_mapping -DCMAKE_INSTALL_PREFIX=/home/eeiww/ud90uhak/bumperbot_ws/src/install/bumperbot_mapping
[0.111s] -- Found ament_cmake: 2.5.3 (/opt/ros/jazzy/share/ament_cmake/cmake)
[0.488s] -- Found rclcpp: 28.1.6 (/opt/ros/jazzy/share/rclcpp/cmake)
[0.570s] -- Found rosidl_generator_c: 4.6.5 (/opt/ros/jazzy/share/rosidl_generator_c/cmake)
[0.591s] -- Found rosidl_generator_cpp: 4.6.5 (/opt/ros/jazzy/share/rosidl_generator_cpp/cmake)
[0.622s] -- Using all available rosidl_typesupport_c: rosidl_typesupport_fastrtps_c;rosidl_typesupport_introspection_c
[0.653s] -- Using all available rosidl_typesupport_cpp: rosidl_typesupport_fastrtps_cpp;rosidl_typesupport_introspection_cpp
[0.785s] -- Found rmw_implementation_cmake: 7.3.1 (/opt/ros/jazzy/share/rmw_implementation_cmake/cmake)
[0.789s] -- Found rmw_fastrtps_cpp: 8.4.1 (/opt/ros/jazzy/share/rmw_fastrtps_cpp/cmake)
[0.934s] -- Using RMW implementation 'rmw_fastrtps_cpp' as default
[1.063s] -- Found rclpy: 7.1.3 (/opt/ros/jazzy/share/rclpy/cmake)
[1.065s] -- Found sensor_msgs: 5.3.5 (/opt/ros/jazzy/share/sensor_msgs/cmake)
[1.178s] -- Found nav_msgs: 5.3.5 (/opt/ros/jazzy/share/nav_msgs/cmake)
[1.220s] -- Found tf2_ros: 0.36.8 (/opt/ros/jazzy/share/tf2_ros/cmake)
[1.640s] -- Found ament_lint_auto: 0.17.1 (/opt/ros/jazzy/share/ament_lint_auto/cmake)
[1.915s] -- Added test 'cppcheck' to perform static code analysis on C / C++ code
[1.915s] -- Configured cppcheck include dirs: /home/eeiww/ud90uhak/bumperbot_ws/src/bumperbot_mapping/include
[1.916s] -- Configured cppcheck exclude dirs and/or files: 
[1.922s] -- Added test 'flake8' to check Python code syntax and style conventions
[1.922s] -- Configured 'flake8' exclude dirs and/or files: 
[1.938s] -- Added test 'lint_cmake' to check CMake code style
[1.944s] -- Added test 'pep257' to check Python code against some of the docstring style conventions in PEP 257
[1.993s] -- Added test 'uncrustify' to check C / C++ code style
[1.994s] -- Configured uncrustify additional arguments: 
[1.999s] -- Added test 'xmllint' to check XML markup files
[2.021s] -- Configuring done (1.9s)
[2.045s] [31mCMake Error at CMakeLists.txt:21 (add_executable):
[2.045s]   Cannot find source file:
[2.045s] 
[2.045s]     src/mapping_with_known_poses.cpp
[2.045s] 
[2.045s]   Tried extensions .c .C .c++ .cc .cpp .cxx .cu .mpp .m .M .mm .ixx .cppm
[2.047s]   .ccm .cxxm .c++m .h .hh .h++ .hm .hpp .hxx .in .txx .f .F .for .f77 .f90
[2.048s]   .f95 .f03 .hip .ispc
[2.048s] 
[2.048s] [0m
[2.058s] [31mCMake Error at CMakeLists.txt:21 (add_executable):
[2.058s]   No SOURCES given to target: mapping_with_known_poses
[2.058s] 
[2.058s] [0m
[2.058s] [0mCMake Generate step failed.  Build files cannot be regenerated correctly.[0m
[2.340s] Invoked command in '/home/eeiww/ud90uhak/bumperbot_ws/src/build/bumperbot_mapping' returned '1': CMAKE_PREFIX_PATH=${CMAKE_PREFIX_PATH}:/opt/ros/jazzy DEBUGINFOD_URLS=https://debuginfod.ubuntu.com /usr/bin/cmake /home/eeiww/ud90uhak/bumperbot_ws/src/bumperbot_mapping -DCMAKE_INSTALL_PREFIX=/home/eeiww/ud90uhak/bumperbot_ws/src/install/bumperbot_mapping
