[0.101s] Invoking command in '/home/eeiww/ud90uhak/bumperbot_ws/src/build/bumperbot_msgs': CMAKE_PREFIX_PATH=${CMAKE_PREFIX_PATH}:/opt/ros/jazzy DEBUGINFOD_URLS=https://debuginfod.ubuntu.com /usr/bin/cmake --build /home/eeiww/ud90uhak/bumperbot_ws/src/build/bumperbot_msgs -- -j8 -l8
[0.341s] [  1%] Built target bumperbot_msgs__rosidl_generator_type_description
[0.430s] [  3%] Built target bumperbot_msgs__cpp
[0.509s] [ 24%] Built target bumperbot_msgs__rosidl_generator_c
[0.611s] [ 37%] Built target bumperbot_msgs__rosidl_typesupport_cpp
[0.620s] [ 42%] Built target bumperbot_msgs__rosidl_typesupport_fastrtps_c
[0.637s] [ 61%] Built target bumperbot_msgs__rosidl_typesupport_c
[0.637s] [ 61%] Built target bumperbot_msgs__rosidl_typesupport_introspection_cpp
[0.658s] [ 79%] Built target bumperbot_msgs__rosidl_typesupport_introspection_c
[0.658s] [ 79%] Built target bumperbot_msgs__rosidl_typesupport_fastrtps_cpp
[0.683s] [ 79%] Built target bumperbot_msgs
[0.691s] [ 79%] Built target ament_cmake_python_copy_bumperbot_msgs
[0.744s] [ 81%] Built target bumperbot_msgs__py
[0.817s] [ 88%] Built target bumperbot_msgs__rosidl_generator_py
[0.887s] [ 92%] Built target bumperbot_msgs_s__rosidl_typesupport_c
[0.896s] [ 96%] Built target bumperbot_msgs_s__rosidl_typesupport_introspection_c
[0.904s] [100%] Built target bumperbot_msgs_s__rosidl_typesupport_fastrtps_c
[1.022s] running egg_info
[1.059s] writing bumperbot_msgs.egg-info/PKG-INFO
[1.062s] writing dependency_links to bumperbot_msgs.egg-info/dependency_links.txt
[1.065s] writing top-level names to bumperbot_msgs.egg-info/top_level.txt
[1.178s] reading manifest file 'bumperbot_msgs.egg-info/SOURCES.txt'
[1.191s] writing manifest file 'bumperbot_msgs.egg-info/SOURCES.txt'
[1.220s] [100%] Built target ament_cmake_python_build_bumperbot_msgs_egg
