[0.098s] Invoking command in '/home/eeiww/ud90uhak/bumperbot_ws/src/build/bumperbot_planning': CMAKE_PREFIX_PATH=${CMAKE_PREFIX_PATH}:/opt/ros/jazzy DEBUGINFOD_URLS=https://debuginfod.ubuntu.com /usr/bin/cmake /home/eeiww/ud90uhak/bumperbot_ws/src/bumperbot_planning -DCMAKE_INSTALL_PREFIX=/home/eeiww/ud90uhak/bumperbot_ws/src/install/bumperbot_planning
[2.288s] -- The C compiler identification is GNU 13.3.0
[2.288s] -- The CXX compiler identification is GNU 13.3.0
[2.289s] -- Detecting C compiler ABI info
[2.289s] -- Detecting C compiler ABI info - done
[2.289s] -- Check for working C compiler: /usr/bin/cc - skipped
[2.289s] -- Detecting C compile features
[2.289s] -- Detecting C compile features - done
[2.289s] -- Detecting CXX compiler ABI info
[2.289s] -- Detecting CXX compiler ABI info - done
[2.289s] -- Check for working CXX compiler: /usr/bin/c++ - skipped
[2.289s] -- Detecting CXX compile features
[2.289s] -- Detecting CXX compile features - done
[2.289s] -- Found ament_cmake: 2.5.3 (/opt/ros/jazzy/share/ament_cmake/cmake)
[2.289s] -- Found Python3: /usr/bin/python3 (found version "3.12.3") found components: Interpreter 
[2.289s] -- Found rclcpp: 28.1.6 (/opt/ros/jazzy/share/rclcpp/cmake)
[2.289s] -- Found rosidl_generator_c: 4.6.5 (/opt/ros/jazzy/share/rosidl_generator_c/cmake)
[2.289s] -- Found rosidl_generator_cpp: 4.6.5 (/opt/ros/jazzy/share/rosidl_generator_cpp/cmake)
[2.290s] -- Using all available rosidl_typesupport_c: rosidl_typesupport_fastrtps_c;rosidl_typesupport_introspection_c
[2.290s] -- Using all available rosidl_typesupport_cpp: rosidl_typesupport_fastrtps_cpp;rosidl_typesupport_introspection_cpp
[2.290s] -- Found rmw_implementation_cmake: 7.3.1 (/opt/ros/jazzy/share/rmw_implementation_cmake/cmake)
[2.290s] -- Found rmw_fastrtps_cpp: 8.4.1 (/opt/ros/jazzy/share/rmw_fastrtps_cpp/cmake)
[2.290s] -- Found OpenSSL: /usr/lib/x86_64-linux-gnu/libcrypto.so (found version "3.0.13")  
[2.290s] -- Found FastRTPS: /opt/ros/jazzy/include (Required is at least version "2.13") 
[2.290s] -- Using RMW implementation 'rmw_fastrtps_cpp' as default
[2.290s] -- Found rclcpp_action: 28.1.6 (/opt/ros/jazzy/share/rclcpp_action/cmake)
[2.290s] -- Found rclpy: 7.1.3 (/opt/ros/jazzy/share/rclpy/cmake)
[2.290s] -- Found nav_msgs: 5.3.5 (/opt/ros/jazzy/share/nav_msgs/cmake)
[2.290s] -- Found tf2_ros: 0.36.8 (/opt/ros/jazzy/share/tf2_ros/cmake)
[2.290s] -- Found nav2_core: 1.3.9 (/opt/ros/jazzy/share/nav2_core/cmake)
[2.336s] -- Found eigen3_cmake_module: 0.3.0 (/opt/ros/jazzy/share/eigen3_cmake_module/cmake)
[2.338s] -- Found Eigen3: TRUE (found version "3.4.0") 
[2.338s] -- Ensuring Eigen3 include directory is part of orocos-kdl CMake target
[2.908s] -- Configuring done (2.8s)
[3.268s] -- Generating done (0.3s)
[3.421s] -- Build files have been written to: /home/eeiww/ud90uhak/bumperbot_ws/src/build/bumperbot_planning
