-- Found ament_cmake: 2.5.3 (/opt/ros/jazzy/share/ament_cmake/cmake)
-- Found rclcpp: 28.1.6 (/opt/ros/jazzy/share/rclcpp/cmake)
-- Found rosidl_generator_c: 4.6.5 (/opt/ros/jazzy/share/rosidl_generator_c/cmake)
-- Found rosidl_generator_cpp: 4.6.5 (/opt/ros/jazzy/share/rosidl_generator_cpp/cmake)
-- Using all available rosidl_typesupport_c: rosidl_typesupport_fastrtps_c;rosidl_typesupport_introspection_c
-- Using all available rosidl_typesupport_cpp: rosidl_typesupport_fastrtps_cpp;rosidl_typesupport_introspection_cpp
-- Found rmw_implementation_cmake: 7.3.1 (/opt/ros/jazzy/share/rmw_implementation_cmake/cmake)
-- Found rmw_fastrtps_cpp: 8.4.1 (/opt/ros/jazzy/share/rmw_fastrtps_cpp/cmake)
-- Using RMW implementation 'rmw_fastrtps_cpp' as default
-- Found rclpy: 7.1.3 (/opt/ros/jazzy/share/rclpy/cmake)
-- Found nav_msgs: 5.3.5 (/opt/ros/jazzy/share/nav_msgs/cmake)
-- Found sensor_msgs: 5.3.5 (/opt/ros/jazzy/share/sensor_msgs/cmake)
-- Found tf2: 0.36.8 (/opt/ros/jazzy/share/tf2/cmake)
-- Configuring done (1.0s)
-- Generating done (0.2s)
-- Build files have been written to: /home/eeiww/ud90uhak/bumperbot_ws/src/build/bumperbot_localization
[ 16%] [32mBuilding CXX object CMakeFiles/odometry_motion_model.dir/src/odometry_motion_model.cpp.o[0m
[ 50%] Built target ament_cmake_python_copy_bumperbot_localization
[ 83%] Built target imu_republisher
[ 83%] Built target kalman_filter
running egg_info
writing bumperbot_localization.egg-info/PKG-INFO
writing dependency_links to bumperbot_localization.egg-info/dependency_links.txt
writing top-level names to bumperbot_localization.egg-info/top_level.txt
reading manifest file 'bumperbot_localization.egg-info/SOURCES.txt'
writing manifest file 'bumperbot_localization.egg-info/SOURCES.txt'
[ 83%] Built target ament_cmake_python_build_bumperbot_localization_egg
[100%] [32m[1mLinking CXX executable odometry_motion_model[0m
[100%] Built target odometry_motion_model
