[0.086s] Invoking command in '/home/eeiww/ud90uhak/bumperbot_ws/src/build/bumperbot_planning': CMAKE_PREFIX_PATH=${CMAKE_PREFIX_PATH}:/opt/ros/jazzy DEBUGINFOD_URLS=https://debuginfod.ubuntu.com /usr/bin/cmake --build /home/eeiww/ud90uhak/bumperbot_ws/src/build/bumperbot_planning -- -j8 -l8
[0.255s] [  0%] Built target ament_cmake_python_copy_bumperbot_planning
[0.306s] [100%] Built target dijkstra_planner
[0.310s] [100%] Built target a_star_planner
[0.673s] running egg_info
[0.720s] writing bumperbot_planning.egg-info/PKG-INFO
[0.730s] writing dependency_links to bumperbot_planning.egg-info/dependency_links.txt
[0.734s] writing top-level names to bumperbot_planning.egg-info/top_level.txt
[0.874s] reading manifest file 'bumperbot_planning.egg-info/SOURCES.txt'
[0.887s] writing manifest file 'bumperbot_planning.egg-info/SOURCES.txt'
[0.909s] [100%] Built target ament_cmake_python_build_bumperbot_planning_egg
[0.930s] Invoked command in '/home/eeiww/ud90uhak/bumperbot_ws/src/build/bumperbot_planning' returned '0': CMAKE_PREFIX_PATH=${CMAKE_PREFIX_PATH}:/opt/ros/jazzy DEBUGINFOD_URLS=https://debuginfod.ubuntu.com /usr/bin/cmake --build /home/eeiww/ud90uhak/bumperbot_ws/src/build/bumperbot_planning -- -j8 -l8
[0.935s] Invoking command in '/home/eeiww/ud90uhak/bumperbot_ws/src/build/bumperbot_planning': CMAKE_PREFIX_PATH=${CMAKE_PREFIX_PATH}:/opt/ros/jazzy DEBUGINFOD_URLS=https://debuginfod.ubuntu.com /usr/bin/cmake --install /home/eeiww/ud90uhak/bumperbot_ws/src/build/bumperbot_planning
[1.064s] -- Install configuration: ""
[1.064s] -- Up-to-date: /home/eeiww/ud90uhak/bumperbot_ws/src/install/bumperbot_planning/share/bumperbot_planning/environment/pythonpath.sh
[1.064s] -- Up-to-date: /home/eeiww/ud90uhak/bumperbot_ws/src/install/bumperbot_planning/share/bumperbot_planning/environment/pythonpath.dsv
[1.064s] -- Up-to-date: /home/eeiww/ud90uhak/bumperbot_ws/src/install/bumperbot_planning/lib/python3.12/site-packages/bumperbot_planning-0.0.0-py3.12.egg-info
[1.065s] -- Installing: /home/eeiww/ud90uhak/bumperbot_ws/src/install/bumperbot_planning/lib/python3.12/site-packages/bumperbot_planning-0.0.0-py3.12.egg-info/top_level.txt
[1.065s] -- Installing: /home/eeiww/ud90uhak/bumperbot_ws/src/install/bumperbot_planning/lib/python3.12/site-packages/bumperbot_planning-0.0.0-py3.12.egg-info/PKG-INFO
[1.065s] -- Installing: /home/eeiww/ud90uhak/bumperbot_ws/src/install/bumperbot_planning/lib/python3.12/site-packages/bumperbot_planning-0.0.0-py3.12.egg-info/SOURCES.txt
[1.065s] -- Installing: /home/eeiww/ud90uhak/bumperbot_ws/src/install/bumperbot_planning/lib/python3.12/site-packages/bumperbot_planning-0.0.0-py3.12.egg-info/dependency_links.txt
[1.065s] -- Up-to-date: /home/eeiww/ud90uhak/bumperbot_ws/src/install/bumperbot_planning/lib/python3.12/site-packages/bumperbot_planning
[1.065s] -- Up-to-date: /home/eeiww/ud90uhak/bumperbot_ws/src/install/bumperbot_planning/lib/python3.12/site-packages/bumperbot_planning/__init__.py
[1.065s] -- Up-to-date: /home/eeiww/ud90uhak/bumperbot_ws/src/install/bumperbot_planning/lib/python3.12/site-packages/bumperbot_planning/dijkstra_planner.py
[1.065s] -- Up-to-date: /home/eeiww/ud90uhak/bumperbot_ws/src/install/bumperbot_planning/lib/python3.12/site-packages/bumperbot_planning/a_star_planner.py
[1.065s] Listing '/home/eeiww/ud90uhak/bumperbot_ws/src/install/bumperbot_planning/lib/python3.12/site-packages/bumperbot_planning'...
[1.065s] -- Up-to-date: /home/eeiww/ud90uhak/bumperbot_ws/src/install/bumperbot_planning/share/bumperbot_planning/global_planner_plugins.xml
[1.066s] -- Up-to-date: /home/eeiww/ud90uhak/bumperbot_ws/src/install/bumperbot_planning/lib/libdijkstra_planner.so
[1.066s] -- Up-to-date: /home/eeiww/ud90uhak/bumperbot_ws/src/install/bumperbot_planning/lib/liba_star_planner.so
[1.066s] -- Up-to-date: /home/eeiww/ud90uhak/bumperbot_ws/src/install/bumperbot_planning/include/include
[1.066s] -- Up-to-date: /home/eeiww/ud90uhak/bumperbot_ws/src/install/bumperbot_planning/include/include/bumperbot_planning
[1.066s] -- Up-to-date: /home/eeiww/ud90uhak/bumperbot_ws/src/install/bumperbot_planning/include/include/bumperbot_planning/dijkstra_planner.hpp
[1.066s] -- Up-to-date: /home/eeiww/ud90uhak/bumperbot_ws/src/install/bumperbot_planning/include/include/bumperbot_planning/a_star_planner.hpp
[1.066s] -- Up-to-date: /home/eeiww/ud90uhak/bumperbot_ws/src/install/bumperbot_planning/share/bumperbot_planning/global_planner_plugins.xml
[1.066s] -- Up-to-date: /home/eeiww/ud90uhak/bumperbot_ws/src/install/bumperbot_planning/lib/bumperbot_planning/a_star_planner.py
[1.066s] -- Up-to-date: /home/eeiww/ud90uhak/bumperbot_ws/src/install/bumperbot_planning/lib/bumperbot_planning/dijkstra_planner.py
[1.066s] -- Up-to-date: /home/eeiww/ud90uhak/bumperbot_ws/src/install/bumperbot_planning/share/bumperbot_planning/environment/library_path.sh
[1.066s] -- Up-to-date: /home/eeiww/ud90uhak/bumperbot_ws/src/install/bumperbot_planning/share/bumperbot_planning/environment/library_path.dsv
[1.066s] -- Up-to-date: /home/eeiww/ud90uhak/bumperbot_ws/src/install/bumperbot_planning/share/ament_index/resource_index/package_run_dependencies/bumperbot_planning
[1.067s] -- Up-to-date: /home/eeiww/ud90uhak/bumperbot_ws/src/install/bumperbot_planning/share/ament_index/resource_index/parent_prefix_path/bumperbot_planning
[1.067s] -- Up-to-date: /home/eeiww/ud90uhak/bumperbot_ws/src/install/bumperbot_planning/share/bumperbot_planning/environment/ament_prefix_path.sh
[1.067s] -- Up-to-date: /home/eeiww/ud90uhak/bumperbot_ws/src/install/bumperbot_planning/share/bumperbot_planning/environment/ament_prefix_path.dsv
[1.067s] -- Up-to-date: /home/eeiww/ud90uhak/bumperbot_ws/src/install/bumperbot_planning/share/bumperbot_planning/environment/path.sh
[1.067s] -- Up-to-date: /home/eeiww/ud90uhak/bumperbot_ws/src/install/bumperbot_planning/share/bumperbot_planning/environment/path.dsv
[1.068s] -- Up-to-date: /home/eeiww/ud90uhak/bumperbot_ws/src/install/bumperbot_planning/share/bumperbot_planning/local_setup.bash
[1.068s] -- Up-to-date: /home/eeiww/ud90uhak/bumperbot_ws/src/install/bumperbot_planning/share/bumperbot_planning/local_setup.sh
[1.068s] -- Up-to-date: /home/eeiww/ud90uhak/bumperbot_ws/src/install/bumperbot_planning/share/bumperbot_planning/local_setup.zsh
[1.070s] -- Up-to-date: /home/eeiww/ud90uhak/bumperbot_ws/src/install/bumperbot_planning/share/bumperbot_planning/local_setup.dsv
[1.070s] -- Installing: /home/eeiww/ud90uhak/bumperbot_ws/src/install/bumperbot_planning/share/bumperbot_planning/package.dsv
[1.074s] -- Up-to-date: /home/eeiww/ud90uhak/bumperbot_ws/src/install/bumperbot_planning/share/ament_index/resource_index/packages/bumperbot_planning
[1.075s] -- Up-to-date: /home/eeiww/ud90uhak/bumperbot_ws/src/install/bumperbot_planning/share/ament_index/resource_index/nav2_core__pluginlib__plugin/bumperbot_planning
[1.075s] -- Up-to-date: /home/eeiww/ud90uhak/bumperbot_ws/src/install/bumperbot_planning/share/bumperbot_planning/cmake/ament_cmake_export_include_directories-extras.cmake
[1.076s] -- Up-to-date: /home/eeiww/ud90uhak/bumperbot_ws/src/install/bumperbot_planning/share/bumperbot_planning/cmake/ament_cmake_export_libraries-extras.cmake
[1.077s] -- Up-to-date: /home/eeiww/ud90uhak/bumperbot_ws/src/install/bumperbot_planning/share/bumperbot_planning/cmake/ament_cmake_export_dependencies-extras.cmake
[1.077s] -- Up-to-date: /home/eeiww/ud90uhak/bumperbot_ws/src/install/bumperbot_planning/share/bumperbot_planning/cmake/bumperbot_planningConfig.cmake
[1.079s] -- Up-to-date: /home/eeiww/ud90uhak/bumperbot_ws/src/install/bumperbot_planning/share/bumperbot_planning/cmake/bumperbot_planningConfig-version.cmake
[1.080s] -- Up-to-date: /home/eeiww/ud90uhak/bumperbot_ws/src/install/bumperbot_planning/share/bumperbot_planning/package.xml
[1.461s] Invoked command in '/home/eeiww/ud90uhak/bumperbot_ws/src/build/bumperbot_planning' returned '0': CMAKE_PREFIX_PATH=${CMAKE_PREFIX_PATH}:/opt/ros/jazzy DEBUGINFOD_URLS=https://debuginfod.ubuntu.com /usr/bin/cmake --install /home/eeiww/ud90uhak/bumperbot_ws/src/build/bumperbot_planning
