[0.216s] Invoking command in '/home/eeiww/ud90uhak/bumperbot_ws/src/build/bumperbot_navigation': CMAKE_PREFIX_PATH=${CMAKE_PREFIX_PATH}:/opt/ros/jazzy DEBUGINFOD_URLS=https://debuginfod.ubuntu.com /usr/bin/cmake /home/eeiww/ud90uhak/bumperbot_ws/src/bumperbot_navigation -DCMAKE_INSTALL_PREFIX=/home/eeiww/ud90uhak/bumperbot_ws/src/install/bumperbot_navigation
[0.381s] -- The C compiler identification is GNU 13.3.0
[0.520s] -- The CXX compiler identification is GNU 13.3.0
[0.545s] -- Detecting C compiler ABI info
[0.761s] -- Detecting C compiler ABI info - done
[0.779s] -- Check for working C compiler: /usr/bin/cc - skipped
[0.780s] -- Detecting C compile features
[0.780s] -- Detecting C compile features - done
[0.799s] -- Detecting CXX compiler ABI info
[1.007s] -- Detecting CXX compiler ABI info - done
[1.018s] -- Check for working CXX compiler: /usr/bin/c++ - skipped
[1.018s] -- Detecting CXX compile features
[1.019s] -- Detecting CXX compile features - done
[1.041s] -- Found ament_cmake: 2.5.3 (/opt/ros/jazzy/share/ament_cmake/cmake)
[1.194s] -- Found Python3: /usr/bin/python3 (found version "3.12.3") found components: Interpreter 
[1.400s] -- Found ament_lint_auto: 0.17.1 (/opt/ros/jazzy/share/ament_lint_auto/cmake)
[1.599s] -- Added test 'lint_cmake' to check CMake code style
[1.617s] -- Added test 'xmllint' to check XML markup files
[1.645s] -- Configuring done (1.4s)
[1.761s] -- Generating done (0.1s)
[1.816s] -- Build files have been written to: /home/eeiww/ud90uhak/bumperbot_ws/src/build/bumperbot_navigation
[1.839s] Invoked command in '/home/eeiww/ud90uhak/bumperbot_ws/src/build/bumperbot_navigation' returned '0': CMAKE_PREFIX_PATH=${CMAKE_PREFIX_PATH}:/opt/ros/jazzy DEBUGINFOD_URLS=https://debuginfod.ubuntu.com /usr/bin/cmake /home/eeiww/ud90uhak/bumperbot_ws/src/bumperbot_navigation -DCMAKE_INSTALL_PREFIX=/home/eeiww/ud90uhak/bumperbot_ws/src/install/bumperbot_navigation
[1.840s] Invoking command in '/home/eeiww/ud90uhak/bumperbot_ws/src/build/bumperbot_navigation': CMAKE_PREFIX_PATH=${CMAKE_PREFIX_PATH}:/opt/ros/jazzy DEBUGINFOD_URLS=https://debuginfod.ubuntu.com /usr/bin/cmake --build /home/eeiww/ud90uhak/bumperbot_ws/src/build/bumperbot_navigation -- -j8 -l8
[2.292s] Invoked command in '/home/eeiww/ud90uhak/bumperbot_ws/src/build/bumperbot_navigation' returned '0': CMAKE_PREFIX_PATH=${CMAKE_PREFIX_PATH}:/opt/ros/jazzy DEBUGINFOD_URLS=https://debuginfod.ubuntu.com /usr/bin/cmake --build /home/eeiww/ud90uhak/bumperbot_ws/src/build/bumperbot_navigation -- -j8 -l8
[2.293s] Invoking command in '/home/eeiww/ud90uhak/bumperbot_ws/src/build/bumperbot_navigation': CMAKE_PREFIX_PATH=${CMAKE_PREFIX_PATH}:/opt/ros/jazzy DEBUGINFOD_URLS=https://debuginfod.ubuntu.com /usr/bin/cmake --install /home/eeiww/ud90uhak/bumperbot_ws/src/build/bumperbot_navigation
[2.325s] -- Install configuration: ""
[2.326s] -- Installing: /home/eeiww/ud90uhak/bumperbot_ws/src/install/bumperbot_navigation/share/ament_index/resource_index/package_run_dependencies/bumperbot_navigation
[2.326s] -- Installing: /home/eeiww/ud90uhak/bumperbot_ws/src/install/bumperbot_navigation/share/ament_index/resource_index/parent_prefix_path/bumperbot_navigation
[2.333s] -- Installing: /home/eeiww/ud90uhak/bumperbot_ws/src/install/bumperbot_navigation/share/bumperbot_navigation/environment/ament_prefix_path.sh
[2.337s] -- Installing: /home/eeiww/ud90uhak/bumperbot_ws/src/install/bumperbot_navigation/share/bumperbot_navigation/environment/ament_prefix_path.dsv
[2.343s] -- Installing: /home/eeiww/ud90uhak/bumperbot_ws/src/install/bumperbot_navigation/share/bumperbot_navigation/environment/path.sh
[2.348s] -- Installing: /home/eeiww/ud90uhak/bumperbot_ws/src/install/bumperbot_navigation/share/bumperbot_navigation/environment/path.dsv
[2.354s] -- Installing: /home/eeiww/ud90uhak/bumperbot_ws/src/install/bumperbot_navigation/share/bumperbot_navigation/local_setup.bash
[2.361s] -- Installing: /home/eeiww/ud90uhak/bumperbot_ws/src/install/bumperbot_navigation/share/bumperbot_navigation/local_setup.sh
[2.368s] -- Installing: /home/eeiww/ud90uhak/bumperbot_ws/src/install/bumperbot_navigation/share/bumperbot_navigation/local_setup.zsh
[2.374s] -- Installing: /home/eeiww/ud90uhak/bumperbot_ws/src/install/bumperbot_navigation/share/bumperbot_navigation/local_setup.dsv
[2.380s] -- Installing: /home/eeiww/ud90uhak/bumperbot_ws/src/install/bumperbot_navigation/share/bumperbot_navigation/package.dsv
[2.392s] -- Installing: /home/eeiww/ud90uhak/bumperbot_ws/src/install/bumperbot_navigation/share/ament_index/resource_index/packages/bumperbot_navigation
[2.401s] -- Installing: /home/eeiww/ud90uhak/bumperbot_ws/src/install/bumperbot_navigation/share/bumperbot_navigation/cmake/bumperbot_navigationConfig.cmake
[2.408s] -- Installing: /home/eeiww/ud90uhak/bumperbot_ws/src/install/bumperbot_navigation/share/bumperbot_navigation/cmake/bumperbot_navigationConfig-version.cmake
[2.414s] -- Installing: /home/eeiww/ud90uhak/bumperbot_ws/src/install/bumperbot_navigation/share/bumperbot_navigation/package.xml
[2.421s] Invoked command in '/home/eeiww/ud90uhak/bumperbot_ws/src/build/bumperbot_navigation' returned '0': CMAKE_PREFIX_PATH=${CMAKE_PREFIX_PATH}:/opt/ros/jazzy DEBUGINFOD_URLS=https://debuginfod.ubuntu.com /usr/bin/cmake --install /home/eeiww/ud90uhak/bumperbot_ws/src/build/bumperbot_navigation
