[0.081s] Invoking command in '/home/eeiww/ud90uhak/bumperbot_ws/src/build/bumperbot_mapping': CMAKE_PREFIX_PATH=${CMAKE_PREFIX_PATH}:/opt/ros/jazzy DEBUGINFOD_URLS=https://debuginfod.ubuntu.com /usr/bin/cmake --build /home/eeiww/ud90uhak/bumperbot_ws/src/build/bumperbot_mapping -- -j8 -l8
[0.193s] Built target ament_cmake_python_copy_bumperbot_mapping
[0.600s] running egg_info
[0.638s] writing bumperbot_mapping.egg-info/PKG-INFO
[0.642s] writing dependency_links to bumperbot_mapping.egg-info/dependency_links.txt
[0.645s] writing top-level names to bumperbot_mapping.egg-info/top_level.txt
[0.759s] reading manifest file 'bumperbot_mapping.egg-info/SOURCES.txt'
[0.762s] writing manifest file 'bumperbot_mapping.egg-info/SOURCES.txt'
[0.824s] Built target ament_cmake_python_build_bumperbot_mapping_egg
[0.826s] Invoked command in '/home/eeiww/ud90uhak/bumperbot_ws/src/build/bumperbot_mapping' returned '0': CMAKE_PREFIX_PATH=${CMAKE_PREFIX_PATH}:/opt/ros/jazzy DEBUGINFOD_URLS=https://debuginfod.ubuntu.com /usr/bin/cmake --build /home/eeiww/ud90uhak/bumperbot_ws/src/build/bumperbot_mapping -- -j8 -l8
[0.828s] Invoking command in '/home/eeiww/ud90uhak/bumperbot_ws/src/build/bumperbot_mapping': CMAKE_PREFIX_PATH=${CMAKE_PREFIX_PATH}:/opt/ros/jazzy DEBUGINFOD_URLS=https://debuginfod.ubuntu.com /usr/bin/cmake --install /home/eeiww/ud90uhak/bumperbot_ws/src/build/bumperbot_mapping
[0.876s] -- Install configuration: ""
[0.877s] -- Up-to-date: /home/eeiww/ud90uhak/bumperbot_ws/src/install/bumperbot_mapping/share/bumperbot_mapping/environment/pythonpath.sh
[0.877s] -- Up-to-date: /home/eeiww/ud90uhak/bumperbot_ws/src/install/bumperbot_mapping/share/bumperbot_mapping/environment/pythonpath.dsv
[0.877s] -- Up-to-date: /home/eeiww/ud90uhak/bumperbot_ws/src/install/bumperbot_mapping/lib/python3.12/site-packages/bumperbot_mapping-0.0.0-py3.12.egg-info
[0.877s] -- Installing: /home/eeiww/ud90uhak/bumperbot_ws/src/install/bumperbot_mapping/lib/python3.12/site-packages/bumperbot_mapping-0.0.0-py3.12.egg-info/top_level.txt
[0.877s] -- Installing: /home/eeiww/ud90uhak/bumperbot_ws/src/install/bumperbot_mapping/lib/python3.12/site-packages/bumperbot_mapping-0.0.0-py3.12.egg-info/PKG-INFO
[0.877s] -- Installing: /home/eeiww/ud90uhak/bumperbot_ws/src/install/bumperbot_mapping/lib/python3.12/site-packages/bumperbot_mapping-0.0.0-py3.12.egg-info/SOURCES.txt
[0.877s] -- Installing: /home/eeiww/ud90uhak/bumperbot_ws/src/install/bumperbot_mapping/lib/python3.12/site-packages/bumperbot_mapping-0.0.0-py3.12.egg-info/dependency_links.txt
[0.877s] -- Up-to-date: /home/eeiww/ud90uhak/bumperbot_ws/src/install/bumperbot_mapping/lib/python3.12/site-packages/bumperbot_mapping
[0.877s] -- Up-to-date: /home/eeiww/ud90uhak/bumperbot_ws/src/install/bumperbot_mapping/lib/python3.12/site-packages/bumperbot_mapping/__init__.py
[0.877s] -- Up-to-date: /home/eeiww/ud90uhak/bumperbot_ws/src/install/bumperbot_mapping/lib/python3.12/site-packages/bumperbot_mapping/mapping_with_known_poses.py
[0.899s] Listing '/home/eeiww/ud90uhak/bumperbot_ws/src/install/bumperbot_mapping/lib/python3.12/site-packages/bumperbot_mapping'...
[0.905s] -- Up-to-date: /home/eeiww/ud90uhak/bumperbot_ws/src/install/bumperbot_mapping/include/include
[0.906s] -- Up-to-date: /home/eeiww/ud90uhak/bumperbot_ws/src/install/bumperbot_mapping/include/include/bumperbot_mapping
[0.908s] -- Up-to-date: /home/eeiww/ud90uhak/bumperbot_ws/src/install/bumperbot_mapping/include/include/bumperbot_mapping/mapping_with_known_poses.hpp
[0.910s] -- Up-to-date: /home/eeiww/ud90uhak/bumperbot_ws/src/install/bumperbot_mapping/share/bumperbot_mapping/config
[0.912s] -- Up-to-date: /home/eeiww/ud90uhak/bumperbot_ws/src/install/bumperbot_mapping/share/bumperbot_mapping/config/slam_toolbox.yaml
[0.915s] -- Up-to-date: /home/eeiww/ud90uhak/bumperbot_ws/src/install/bumperbot_mapping/share/bumperbot_mapping/launch
[0.916s] -- Up-to-date: /home/eeiww/ud90uhak/bumperbot_ws/src/install/bumperbot_mapping/share/bumperbot_mapping/launch/slam.launch.py
[0.918s] -- Up-to-date: /home/eeiww/ud90uhak/bumperbot_ws/src/install/bumperbot_mapping/share/bumperbot_mapping/maps
[0.921s] -- Up-to-date: /home/eeiww/ud90uhak/bumperbot_ws/src/install/bumperbot_mapping/share/bumperbot_mapping/maps/small_warehouse
[0.923s] -- Up-to-date: /home/eeiww/ud90uhak/bumperbot_ws/src/install/bumperbot_mapping/share/bumperbot_mapping/maps/small_warehouse/map(1).pgm
[0.923s] -- Up-to-date: /home/eeiww/ud90uhak/bumperbot_ws/src/install/bumperbot_mapping/share/bumperbot_mapping/maps/small_warehouse/map.yaml
[0.924s] -- Up-to-date: /home/eeiww/ud90uhak/bumperbot_ws/src/install/bumperbot_mapping/share/bumperbot_mapping/maps/small_house
[0.925s] -- Up-to-date: /home/eeiww/ud90uhak/bumperbot_ws/src/install/bumperbot_mapping/share/bumperbot_mapping/maps/small_house/map(1).pgm
[0.926s] -- Up-to-date: /home/eeiww/ud90uhak/bumperbot_ws/src/install/bumperbot_mapping/share/bumperbot_mapping/maps/small_house/map.yaml
[0.926s] -- Up-to-date: /home/eeiww/ud90uhak/bumperbot_ws/src/install/bumperbot_mapping/share/bumperbot_mapping/rviz
[0.929s] -- Up-to-date: /home/eeiww/ud90uhak/bumperbot_ws/src/install/bumperbot_mapping/share/bumperbot_mapping/rviz/slam.rviz
[0.929s] -- Up-to-date: /home/eeiww/ud90uhak/bumperbot_ws/src/install/bumperbot_mapping/lib/bumperbot_mapping/mapping_with_known_poses.py
[0.930s] -- Up-to-date: /home/eeiww/ud90uhak/bumperbot_ws/src/install/bumperbot_mapping/share/ament_index/resource_index/package_run_dependencies/bumperbot_mapping
[0.931s] -- Up-to-date: /home/eeiww/ud90uhak/bumperbot_ws/src/install/bumperbot_mapping/share/ament_index/resource_index/parent_prefix_path/bumperbot_mapping
[0.932s] -- Up-to-date: /home/eeiww/ud90uhak/bumperbot_ws/src/install/bumperbot_mapping/share/bumperbot_mapping/environment/ament_prefix_path.sh
[0.932s] -- Up-to-date: /home/eeiww/ud90uhak/bumperbot_ws/src/install/bumperbot_mapping/share/bumperbot_mapping/environment/ament_prefix_path.dsv
[0.933s] -- Up-to-date: /home/eeiww/ud90uhak/bumperbot_ws/src/install/bumperbot_mapping/share/bumperbot_mapping/environment/path.sh
[0.934s] -- Up-to-date: /home/eeiww/ud90uhak/bumperbot_ws/src/install/bumperbot_mapping/share/bumperbot_mapping/environment/path.dsv
[0.934s] -- Up-to-date: /home/eeiww/ud90uhak/bumperbot_ws/src/install/bumperbot_mapping/share/bumperbot_mapping/local_setup.bash
[0.935s] -- Up-to-date: /home/eeiww/ud90uhak/bumperbot_ws/src/install/bumperbot_mapping/share/bumperbot_mapping/local_setup.sh
[0.936s] -- Up-to-date: /home/eeiww/ud90uhak/bumperbot_ws/src/install/bumperbot_mapping/share/bumperbot_mapping/local_setup.zsh
[0.936s] -- Up-to-date: /home/eeiww/ud90uhak/bumperbot_ws/src/install/bumperbot_mapping/share/bumperbot_mapping/local_setup.dsv
[0.937s] -- Installing: /home/eeiww/ud90uhak/bumperbot_ws/src/install/bumperbot_mapping/share/bumperbot_mapping/package.dsv
[0.944s] -- Up-to-date: /home/eeiww/ud90uhak/bumperbot_ws/src/install/bumperbot_mapping/share/ament_index/resource_index/packages/bumperbot_mapping
[0.945s] -- Up-to-date: /home/eeiww/ud90uhak/bumperbot_ws/src/install/bumperbot_mapping/share/bumperbot_mapping/cmake/bumperbot_mappingConfig.cmake
[0.946s] -- Up-to-date: /home/eeiww/ud90uhak/bumperbot_ws/src/install/bumperbot_mapping/share/bumperbot_mapping/cmake/bumperbot_mappingConfig-version.cmake
[0.946s] -- Up-to-date: /home/eeiww/ud90uhak/bumperbot_ws/src/install/bumperbot_mapping/share/bumperbot_mapping/package.xml
[1.057s] Invoked command in '/home/eeiww/ud90uhak/bumperbot_ws/src/build/bumperbot_mapping' returned '0': CMAKE_PREFIX_PATH=${CMAKE_PREFIX_PATH}:/opt/ros/jazzy DEBUGINFOD_URLS=https://debuginfod.ubuntu.com /usr/bin/cmake --install /home/eeiww/ud90uhak/bumperbot_ws/src/build/bumperbot_mapping
