[0.241s] Invoking command in '/home/eeiww/ud90uhak/bumperbot_ws/src/build/bumperbot_planning': CMAKE_PREFIX_PATH=${CMAKE_PREFIX_PATH}:/opt/ros/jazzy DEBUGINFOD_URLS=https://debuginfod.ubuntu.com /usr/bin/cmake --build /home/eeiww/ud90uhak/bumperbot_ws/src/build/bumperbot_planning -- -j8 -l8
[0.449s] -- Found ament_cmake: 2.5.3 (/opt/ros/jazzy/share/ament_cmake/cmake)
[0.719s] -- Found rclcpp: 28.1.6 (/opt/ros/jazzy/share/rclcpp/cmake)
[0.781s] -- Found rosidl_generator_c: 4.6.5 (/opt/ros/jazzy/share/rosidl_generator_c/cmake)
[0.798s] -- Found rosidl_generator_cpp: 4.6.5 (/opt/ros/jazzy/share/rosidl_generator_cpp/cmake)
[0.823s] -- Using all available rosidl_typesupport_c: rosidl_typesupport_fastrtps_c;rosidl_typesupport_introspection_c
[0.849s] -- Using all available rosidl_typesupport_cpp: rosidl_typesupport_fastrtps_cpp;rosidl_typesupport_introspection_cpp
[0.937s] -- Found rmw_implementation_cmake: 7.3.1 (/opt/ros/jazzy/share/rmw_implementation_cmake/cmake)
[0.940s] -- Found rmw_fastrtps_cpp: 8.4.1 (/opt/ros/jazzy/share/rmw_fastrtps_cpp/cmake)
[1.025s] -- Using RMW implementation 'rmw_fastrtps_cpp' as default
[1.118s] -- Found rclcpp_action: 28.1.6 (/opt/ros/jazzy/share/rclcpp_action/cmake)
[1.173s] -- Found rclpy: 7.1.3 (/opt/ros/jazzy/share/rclpy/cmake)
[1.174s] -- Found nav_msgs: 5.3.5 (/opt/ros/jazzy/share/nav_msgs/cmake)
[1.242s] -- Found tf2_ros: 0.36.8 (/opt/ros/jazzy/share/tf2_ros/cmake)
[1.332s] -- Found nav2_core: 1.3.9 (/opt/ros/jazzy/share/nav2_core/cmake)
[1.609s] -- Found eigen3_cmake_module: 0.3.0 (/opt/ros/jazzy/share/eigen3_cmake_module/cmake)
[1.611s] -- Ensuring Eigen3 include directory is part of orocos-kdl CMake target
[2.066s] -- Configuring done (1.7s)
[2.507s] -- Generating done (0.4s)
[2.597s] -- Build files have been written to: /home/eeiww/ud90uhak/bumperbot_ws/src/build/bumperbot_planning
[2.673s] [ 50%] [32mBuilding CXX object CMakeFiles/a_star_planner.dir/src/a_star_planner.cpp.o[0m
[2.674s] [ 50%] [32mBuilding CXX object CMakeFiles/dijkstra_planner.dir/src/dijkstra_planner.cpp.o[0m
[2.678s] [ 50%] Built target ament_cmake_python_copy_bumperbot_planning
[2.983s] running egg_info
[3.024s] writing bumperbot_planning.egg-info/PKG-INFO
[3.027s] writing dependency_links to bumperbot_planning.egg-info/dependency_links.txt
[3.029s] writing top-level names to bumperbot_planning.egg-info/top_level.txt
[3.145s] reading manifest file 'bumperbot_planning.egg-info/SOURCES.txt'
[3.148s] writing manifest file 'bumperbot_planning.egg-info/SOURCES.txt'
[3.177s] [ 50%] Built target ament_cmake_python_build_bumperbot_planning_egg
[8.389s] [ 75%] [32m[1mLinking CXX shared library libdijkstra_planner.so[0m
[8.486s] [100%] [32m[1mLinking CXX shared library liba_star_planner.so[0m
[8.912s] [100%] Built target dijkstra_planner
[8.922s] [100%] Built target a_star_planner
[8.936s] Invoked command in '/home/eeiww/ud90uhak/bumperbot_ws/src/build/bumperbot_planning' returned '0': CMAKE_PREFIX_PATH=${CMAKE_PREFIX_PATH}:/opt/ros/jazzy DEBUGINFOD_URLS=https://debuginfod.ubuntu.com /usr/bin/cmake --build /home/eeiww/ud90uhak/bumperbot_ws/src/build/bumperbot_planning -- -j8 -l8
[8.950s] Invoking command in '/home/eeiww/ud90uhak/bumperbot_ws/src/build/bumperbot_planning': CMAKE_PREFIX_PATH=${CMAKE_PREFIX_PATH}:/opt/ros/jazzy DEBUGINFOD_URLS=https://debuginfod.ubuntu.com /usr/bin/cmake --install /home/eeiww/ud90uhak/bumperbot_ws/src/build/bumperbot_planning
[8.968s] -- Install configuration: ""
[8.971s] -- Up-to-date: /home/eeiww/ud90uhak/bumperbot_ws/src/install/bumperbot_planning/share/bumperbot_planning/environment/pythonpath.sh
[8.972s] -- Up-to-date: /home/eeiww/ud90uhak/bumperbot_ws/src/install/bumperbot_planning/share/bumperbot_planning/environment/pythonpath.dsv
[8.974s] -- Up-to-date: /home/eeiww/ud90uhak/bumperbot_ws/src/install/bumperbot_planning/lib/python3.12/site-packages/bumperbot_planning-0.0.0-py3.12.egg-info
[8.976s] -- Installing: /home/eeiww/ud90uhak/bumperbot_ws/src/install/bumperbot_planning/lib/python3.12/site-packages/bumperbot_planning-0.0.0-py3.12.egg-info/top_level.txt
[8.983s] -- Installing: /home/eeiww/ud90uhak/bumperbot_ws/src/install/bumperbot_planning/lib/python3.12/site-packages/bumperbot_planning-0.0.0-py3.12.egg-info/PKG-INFO
[8.990s] -- Installing: /home/eeiww/ud90uhak/bumperbot_ws/src/install/bumperbot_planning/lib/python3.12/site-packages/bumperbot_planning-0.0.0-py3.12.egg-info/SOURCES.txt
[8.996s] -- Installing: /home/eeiww/ud90uhak/bumperbot_ws/src/install/bumperbot_planning/lib/python3.12/site-packages/bumperbot_planning-0.0.0-py3.12.egg-info/dependency_links.txt
[9.003s] -- Up-to-date: /home/eeiww/ud90uhak/bumperbot_ws/src/install/bumperbot_planning/lib/python3.12/site-packages/bumperbot_planning
[9.005s] -- Up-to-date: /home/eeiww/ud90uhak/bumperbot_ws/src/install/bumperbot_planning/lib/python3.12/site-packages/bumperbot_planning/__init__.py
[9.006s] -- Installing: /home/eeiww/ud90uhak/bumperbot_ws/src/install/bumperbot_planning/lib/python3.12/site-packages/bumperbot_planning/dijkstra_planner.py
[9.012s] -- Installing: /home/eeiww/ud90uhak/bumperbot_ws/src/install/bumperbot_planning/lib/python3.12/site-packages/bumperbot_planning/a_star_planner.py
[9.099s] Listing '/home/eeiww/ud90uhak/bumperbot_ws/src/install/bumperbot_planning/lib/python3.12/site-packages/bumperbot_planning'...
[9.100s] Compiling '/home/eeiww/ud90uhak/bumperbot_ws/src/install/bumperbot_planning/lib/python3.12/site-packages/bumperbot_planning/a_star_planner.py'...
[9.100s] Compiling '/home/eeiww/ud90uhak/bumperbot_ws/src/install/bumperbot_planning/lib/python3.12/site-packages/bumperbot_planning/dijkstra_planner.py'...
[9.105s] -- Installing: /home/eeiww/ud90uhak/bumperbot_ws/src/install/bumperbot_planning/share/bumperbot_planning/global_planner_plugins.xml
[9.123s] -- Installing: /home/eeiww/ud90uhak/bumperbot_ws/src/install/bumperbot_planning/lib/libdijkstra_planner.so
[9.162s] -- Set non-toolchain portion of runtime path of "/home/eeiww/ud90uhak/bumperbot_ws/src/install/bumperbot_planning/lib/libdijkstra_planner.so" to ""
[9.165s] -- Installing: /home/eeiww/ud90uhak/bumperbot_ws/src/install/bumperbot_planning/lib/liba_star_planner.so
[9.210s] -- Set non-toolchain portion of runtime path of "/home/eeiww/ud90uhak/bumperbot_ws/src/install/bumperbot_planning/lib/liba_star_planner.so" to ""
[9.212s] -- Up-to-date: /home/eeiww/ud90uhak/bumperbot_ws/src/install/bumperbot_planning/include/include
[9.214s] -- Up-to-date: /home/eeiww/ud90uhak/bumperbot_ws/src/install/bumperbot_planning/include/include/bumperbot_planning
[9.216s] -- Installing: /home/eeiww/ud90uhak/bumperbot_ws/src/install/bumperbot_planning/include/include/bumperbot_planning/dijkstra_planner.hpp
[9.222s] -- Installing: /home/eeiww/ud90uhak/bumperbot_ws/src/install/bumperbot_planning/include/include/bumperbot_planning/a_star_planner.hpp
[9.227s] -- Up-to-date: /home/eeiww/ud90uhak/bumperbot_ws/src/install/bumperbot_planning/share/bumperbot_planning/global_planner_plugins.xml
[9.229s] -- Installing: /home/eeiww/ud90uhak/bumperbot_ws/src/install/bumperbot_planning/lib/bumperbot_planning/a_star_planner.py
[9.234s] -- Installing: /home/eeiww/ud90uhak/bumperbot_ws/src/install/bumperbot_planning/lib/bumperbot_planning/dijkstra_planner.py
[9.241s] -- Up-to-date: /home/eeiww/ud90uhak/bumperbot_ws/src/install/bumperbot_planning/share/bumperbot_planning/environment/library_path.sh
[9.242s] -- Up-to-date: /home/eeiww/ud90uhak/bumperbot_ws/src/install/bumperbot_planning/share/bumperbot_planning/environment/library_path.dsv
[9.244s] -- Installing: /home/eeiww/ud90uhak/bumperbot_ws/src/install/bumperbot_planning/share/ament_index/resource_index/package_run_dependencies/bumperbot_planning
[9.252s] -- Up-to-date: /home/eeiww/ud90uhak/bumperbot_ws/src/install/bumperbot_planning/share/ament_index/resource_index/parent_prefix_path/bumperbot_planning
[9.253s] -- Up-to-date: /home/eeiww/ud90uhak/bumperbot_ws/src/install/bumperbot_planning/share/bumperbot_planning/environment/ament_prefix_path.sh
[9.254s] -- Up-to-date: /home/eeiww/ud90uhak/bumperbot_ws/src/install/bumperbot_planning/share/bumperbot_planning/environment/ament_prefix_path.dsv
[9.255s] -- Up-to-date: /home/eeiww/ud90uhak/bumperbot_ws/src/install/bumperbot_planning/share/bumperbot_planning/environment/path.sh
[9.256s] -- Up-to-date: /home/eeiww/ud90uhak/bumperbot_ws/src/install/bumperbot_planning/share/bumperbot_planning/environment/path.dsv
[9.258s] -- Up-to-date: /home/eeiww/ud90uhak/bumperbot_ws/src/install/bumperbot_planning/share/bumperbot_planning/local_setup.bash
[9.259s] -- Up-to-date: /home/eeiww/ud90uhak/bumperbot_ws/src/install/bumperbot_planning/share/bumperbot_planning/local_setup.sh
[9.260s] -- Up-to-date: /home/eeiww/ud90uhak/bumperbot_ws/src/install/bumperbot_planning/share/bumperbot_planning/local_setup.zsh
[9.261s] -- Up-to-date: /home/eeiww/ud90uhak/bumperbot_ws/src/install/bumperbot_planning/share/bumperbot_planning/local_setup.dsv
[9.262s] -- Installing: /home/eeiww/ud90uhak/bumperbot_ws/src/install/bumperbot_planning/share/bumperbot_planning/package.dsv
[9.268s] -- Up-to-date: /home/eeiww/ud90uhak/bumperbot_ws/src/install/bumperbot_planning/share/ament_index/resource_index/packages/bumperbot_planning
[9.270s] -- Up-to-date: /home/eeiww/ud90uhak/bumperbot_ws/src/install/bumperbot_planning/share/ament_index/resource_index/nav2_core__pluginlib__plugin/bumperbot_planning
[9.272s] -- Up-to-date: /home/eeiww/ud90uhak/bumperbot_ws/src/install/bumperbot_planning/share/bumperbot_planning/cmake/ament_cmake_export_include_directories-extras.cmake
[9.273s] -- Up-to-date: /home/eeiww/ud90uhak/bumperbot_ws/src/install/bumperbot_planning/share/bumperbot_planning/cmake/ament_cmake_export_libraries-extras.cmake
[9.274s] -- Up-to-date: /home/eeiww/ud90uhak/bumperbot_ws/src/install/bumperbot_planning/share/bumperbot_planning/cmake/ament_cmake_export_dependencies-extras.cmake
[9.275s] -- Up-to-date: /home/eeiww/ud90uhak/bumperbot_ws/src/install/bumperbot_planning/share/bumperbot_planning/cmake/bumperbot_planningConfig.cmake
[9.276s] -- Up-to-date: /home/eeiww/ud90uhak/bumperbot_ws/src/install/bumperbot_planning/share/bumperbot_planning/cmake/bumperbot_planningConfig-version.cmake
[9.277s] -- Installing: /home/eeiww/ud90uhak/bumperbot_ws/src/install/bumperbot_planning/share/bumperbot_planning/package.xml
