[0.165s] Invoking command in '/home/eeiww/ud90uhak/bumperbot_ws/src/build/bumperbot_mapping': CMAKE_PREFIX_PATH=${CMAKE_PREFIX_PATH}:/opt/ros/jazzy DEBUGINFOD_URLS=https://debuginfod.ubuntu.com /usr/bin/cmake --build /home/eeiww/ud90uhak/bumperbot_ws/src/build/bumperbot_mapping -- -j8 -l8
[0.262s] -- Found ament_cmake: 2.5.3 (/opt/ros/jazzy/share/ament_cmake/cmake)
[0.531s] -- Found rclcpp: 28.1.6 (/opt/ros/jazzy/share/rclcpp/cmake)
[0.613s] -- Found rosidl_generator_c: 4.6.5 (/opt/ros/jazzy/share/rosidl_generator_c/cmake)
[0.639s] -- Found rosidl_generator_cpp: 4.6.5 (/opt/ros/jazzy/share/rosidl_generator_cpp/cmake)
[0.667s] -- Using all available rosidl_typesupport_c: rosidl_typesupport_fastrtps_c;rosidl_typesupport_introspection_c
[0.698s] -- Using all available rosidl_typesupport_cpp: rosidl_typesupport_fastrtps_cpp;rosidl_typesupport_introspection_cpp
[0.821s] -- Found rmw_implementation_cmake: 7.3.1 (/opt/ros/jazzy/share/rmw_implementation_cmake/cmake)
[0.829s] -- Found rmw_fastrtps_cpp: 8.4.1 (/opt/ros/jazzy/share/rmw_fastrtps_cpp/cmake)
[0.926s] -- Found OpenSSL: /usr/lib/x86_64-linux-gnu/libcrypto.so (found version "3.0.13")  
[0.952s] -- Found FastRTPS: /opt/ros/jazzy/include (Required is at least version "2.13") 
[0.976s] -- Using RMW implementation 'rmw_fastrtps_cpp' as default
[1.081s] -- Found rclpy: 7.1.3 (/opt/ros/jazzy/share/rclpy/cmake)
[1.087s] -- Found sensor_msgs: 5.3.5 (/opt/ros/jazzy/share/sensor_msgs/cmake)
[1.162s] -- Found nav_msgs: 5.3.5 (/opt/ros/jazzy/share/nav_msgs/cmake)
[1.196s] -- Found tf2_ros: 0.36.8 (/opt/ros/jazzy/share/tf2_ros/cmake)
[1.497s] -- Found ament_lint_auto: 0.17.1 (/opt/ros/jazzy/share/ament_lint_auto/cmake)
[1.678s] -- Added test 'cppcheck' to perform static code analysis on C / C++ code
[1.678s] -- Configured cppcheck include dirs: /home/eeiww/ud90uhak/bumperbot_ws/src/bumperbot_mapping/include
[1.678s] -- Configured cppcheck exclude dirs and/or files: 
[1.686s] -- Added test 'flake8' to check Python code syntax and style conventions
[1.686s] -- Configured 'flake8' exclude dirs and/or files: 
[1.698s] -- Added test 'lint_cmake' to check CMake code style
[1.703s] -- Added test 'pep257' to check Python code against some of the docstring style conventions in PEP 257
[1.737s] -- Added test 'uncrustify' to check C / C++ code style
[1.737s] -- Configured uncrustify additional arguments: 
[1.744s] -- Added test 'xmllint' to check XML markup files
[1.774s] -- Configuring done (1.5s)
[1.803s] [31mCMake Error at CMakeLists.txt:21 (add_executable):
[1.803s]   Cannot find source file:
[1.803s] 
[1.803s]     src/mapping_with_known_poses.cpp
[1.803s] 
[1.803s]   Tried extensions .c .C .c++ .cc .cpp .cxx .cu .mpp .m .M .mm .ixx .cppm
[1.803s]   .ccm .cxxm .c++m .h .hh .h++ .hm .hpp .hxx .in .txx .f .F .for .f77 .f90
[1.803s]   .f95 .f03 .hip .ispc
[1.804s] 
[1.804s] [0m
[1.808s] [31mCMake Error at CMakeLists.txt:21 (add_executable):
[1.808s]   No SOURCES given to target: mapping_with_known_poses
[1.808s] 
[1.808s] [0m
[1.808s] [0mCMake Generate step failed.  Build files cannot be regenerated correctly.[0m
[1.815s] gmake: *** [Makefile:226: cmake_check_build_system] Error 1
