[33mCMake Warning at CMakeLists.txt:14 (find_package):
  By not providing "Findtwist_mux_msgs.cmake" in CMAKE_MODULE_PATH this
  project has asked CMake to find a package configuration file provided by
  "twist_mux_msgs", but CMake did not find one.

  Could not find a package configuration file provided by "twist_mux_msgs"
  with any of the following names:

    twist_mux_msgsConfig.cmake
    twist_mux_msgs-config.cmake

  Add the installation prefix of "twist_mux_msgs" to CMAKE_PREFIX_PATH or set
  "twist_mux_msgs_DIR" to a directory containing one of the above files.  If
  "twist_mux_msgs" provides a separate development package or SDK, be sure it
  has been installed.

[0m
[31mCMake Error at /opt/ros/jazzy/share/ament_cmake_target_dependencies/cmake/ament_target_dependencies.cmake:77 (message):
  ament_target_dependencies() the passed package name 'twist_mux_msgs' was
  not found before
Call Stack (most recent call first):
  CMakeLists.txt:20 (ament_target_dependencies)

[0m
gmake: *** [Makefile:254: cmake_check_build_system] Error 1
