[0.305s] Invoking command in '/home/eeiww/ud90uhak/bumperbot_ws/src/build/bumperbot_examples': CMAKE_PREFIX_PATH=${CMAKE_PREFIX_PATH}:/opt/ros/jazzy DEBUGINFOD_URLS=https://debuginfod.ubuntu.com /usr/bin/cmake /home/eeiww/ud90uhak/bumperbot_ws/src/bumperbot_examples -DCMAKE_INSTALL_PREFIX=/home/eeiww/ud90uhak/bumperbot_ws/src/install/bumperbot_examples
[1.044s] -- The C compiler identification is GNU 13.3.0
[1.044s] -- The CXX compiler identification is GNU 13.3.0
[1.044s] -- Detecting C compiler ABI info
[1.044s] -- Detecting C compiler ABI info - done
[1.044s] -- Check for working C compiler: /usr/bin/cc - skipped
[1.044s] -- Detecting C compile features
[1.044s] -- Detecting C compile features - done
[1.044s] -- Detecting CXX compiler ABI info
[1.178s] -- Detecting CXX compiler ABI info - done
[1.188s] -- Check for working CXX compiler: /usr/bin/c++ - skipped
[1.189s] -- Detecting CXX compile features
[1.190s] -- Detecting CXX compile features - done
[1.210s] -- Found ament_cmake: 2.5.5 (/opt/ros/jazzy/share/ament_cmake/cmake)
[1.370s] -- Found Python3: /usr/bin/python3 (found version "3.12.3") found components: Interpreter 
[1.583s] -- Found ament_lint_auto: 0.17.4 (/opt/ros/jazzy/share/ament_lint_auto/cmake)
[1.807s] -- Added test 'lint_cmake' to check CMake code style
[1.826s] -- Added test 'xmllint' to check XML markup files
[1.850s] -- Configuring done (1.5s)
[1.948s] -- Generating done (0.1s)
[1.993s] -- Build files have been written to: /home/eeiww/ud90uhak/bumperbot_ws/src/build/bumperbot_examples
[2.065s] Invoked command in '/home/eeiww/ud90uhak/bumperbot_ws/src/build/bumperbot_examples' returned '0': CMAKE_PREFIX_PATH=${CMAKE_PREFIX_PATH}:/opt/ros/jazzy DEBUGINFOD_URLS=https://debuginfod.ubuntu.com /usr/bin/cmake /home/eeiww/ud90uhak/bumperbot_ws/src/bumperbot_examples -DCMAKE_INSTALL_PREFIX=/home/eeiww/ud90uhak/bumperbot_ws/src/install/bumperbot_examples
[2.066s] Invoking command in '/home/eeiww/ud90uhak/bumperbot_ws/src/build/bumperbot_examples': CMAKE_PREFIX_PATH=${CMAKE_PREFIX_PATH}:/opt/ros/jazzy DEBUGINFOD_URLS=https://debuginfod.ubuntu.com /usr/bin/cmake --build /home/eeiww/ud90uhak/bumperbot_ws/src/build/bumperbot_examples -- -j8 -l8
[2.489s] Invoked command in '/home/eeiww/ud90uhak/bumperbot_ws/src/build/bumperbot_examples' returned '0': CMAKE_PREFIX_PATH=${CMAKE_PREFIX_PATH}:/opt/ros/jazzy DEBUGINFOD_URLS=https://debuginfod.ubuntu.com /usr/bin/cmake --build /home/eeiww/ud90uhak/bumperbot_ws/src/build/bumperbot_examples -- -j8 -l8
[2.489s] Invoking command in '/home/eeiww/ud90uhak/bumperbot_ws/src/build/bumperbot_examples': CMAKE_PREFIX_PATH=${CMAKE_PREFIX_PATH}:/opt/ros/jazzy DEBUGINFOD_URLS=https://debuginfod.ubuntu.com /usr/bin/cmake --install /home/eeiww/ud90uhak/bumperbot_ws/src/build/bumperbot_examples
[2.522s] -- Install configuration: ""
[2.522s] -- Installing: /home/eeiww/ud90uhak/bumperbot_ws/src/install/bumperbot_examples/share/ament_index/resource_index/package_run_dependencies/bumperbot_examples
[2.522s] -- Installing: /home/eeiww/ud90uhak/bumperbot_ws/src/install/bumperbot_examples/share/ament_index/resource_index/parent_prefix_path/bumperbot_examples
[2.529s] -- Installing: /home/eeiww/ud90uhak/bumperbot_ws/src/install/bumperbot_examples/share/bumperbot_examples/environment/ament_prefix_path.sh
[2.533s] -- Installing: /home/eeiww/ud90uhak/bumperbot_ws/src/install/bumperbot_examples/share/bumperbot_examples/environment/ament_prefix_path.dsv
[2.539s] -- Installing: /home/eeiww/ud90uhak/bumperbot_ws/src/install/bumperbot_examples/share/bumperbot_examples/environment/path.sh
[2.544s] -- Installing: /home/eeiww/ud90uhak/bumperbot_ws/src/install/bumperbot_examples/share/bumperbot_examples/environment/path.dsv
[2.551s] -- Installing: /home/eeiww/ud90uhak/bumperbot_ws/src/install/bumperbot_examples/share/bumperbot_examples/local_setup.bash
[2.557s] -- Installing: /home/eeiww/ud90uhak/bumperbot_ws/src/install/bumperbot_examples/share/bumperbot_examples/local_setup.sh
[2.565s] -- Installing: /home/eeiww/ud90uhak/bumperbot_ws/src/install/bumperbot_examples/share/bumperbot_examples/local_setup.zsh
[2.572s] -- Installing: /home/eeiww/ud90uhak/bumperbot_ws/src/install/bumperbot_examples/share/bumperbot_examples/local_setup.dsv
[2.579s] -- Installing: /home/eeiww/ud90uhak/bumperbot_ws/src/install/bumperbot_examples/share/bumperbot_examples/package.dsv
[2.592s] -- Installing: /home/eeiww/ud90uhak/bumperbot_ws/src/install/bumperbot_examples/share/ament_index/resource_index/packages/bumperbot_examples
[2.598s] -- Installing: /home/eeiww/ud90uhak/bumperbot_ws/src/install/bumperbot_examples/share/bumperbot_examples/cmake/bumperbot_examplesConfig.cmake
[2.605s] -- Installing: /home/eeiww/ud90uhak/bumperbot_ws/src/install/bumperbot_examples/share/bumperbot_examples/cmake/bumperbot_examplesConfig-version.cmake
[2.611s] -- Installing: /home/eeiww/ud90uhak/bumperbot_ws/src/install/bumperbot_examples/share/bumperbot_examples/package.xml
[2.671s] Invoked command in '/home/eeiww/ud90uhak/bumperbot_ws/src/build/bumperbot_examples' returned '0': CMAKE_PREFIX_PATH=${CMAKE_PREFIX_PATH}:/opt/ros/jazzy DEBUGINFOD_URLS=https://debuginfod.ubuntu.com /usr/bin/cmake --install /home/eeiww/ud90uhak/bumperbot_ws/src/build/bumperbot_examples
